--------------------------------------------------------------------------------
Release 12.4 Trace  (nt64)
Copyright (c) 1995-2010 Xilinx, Inc.  All rights reserved.

C:\Xilinx\12.4\ISE_DS\ISE\bin\nt64\unwrapped\trce.exe -intstyle ise -v 3 -s 2
-n 3 -fastpaths -xml toplevel.twx toplevel.ncd -o toplevel.twr toplevel.pcf

Design file:              toplevel.ncd
Physical constraint file: toplevel.pcf
Device,package,speed:     xc6slx16,csg324,C,-2 (PRODUCTION 1.15 2010-12-02)
Report level:             verbose report

Environment Variable      Effect 
--------------------      ------ 
NONE                      No environment variables were set
--------------------------------------------------------------------------------

INFO:Timing:2698 - No timing constraints found, doing default enumeration.
INFO:Timing:2752 - To get complete path coverage, use the unconstrained paths 
   option. All paths that are not constrained will be reported in the 
   unconstrained paths section(s) of the report.
INFO:Timing:3339 - The clock-to-out numbers in this timing report are based on 
   a 50 Ohm transmission line loading model.  For the details of this model, 
   and for more information on accounting for different loading conditions, 
   please see the device datasheet.



Data Sheet report:
-----------------
All values displayed in nanoseconds (ns)

Setup/Hold to clock clk
------------------+------------+------------+------------+------------+------------------+--------+
                  |Max Setup to|  Process   |Max Hold to |  Process   |                  | Clock  |
Source            | clk (edge) |   Corner   | clk (edge) |   Corner   |Internal Clock(s) | Phase  |
------------------+------------+------------+------------+------------+------------------+--------+
bus_address_in<24>|    3.706(R)|      SLOW  |   -1.041(R)|      FAST  |clk_BUFGP         |   0.000|
bus_address_in<25>|    3.176(R)|      SLOW  |   -0.995(R)|      FAST  |clk_BUFGP         |   0.000|
bus_address_in<26>|    3.161(R)|      SLOW  |   -0.999(R)|      FAST  |clk_BUFGP         |   0.000|
bus_address_in<27>|    3.083(R)|      SLOW  |   -1.025(R)|      FAST  |clk_BUFGP         |   0.000|
bus_address_in<28>|    3.084(R)|      SLOW  |   -0.929(R)|      FAST  |clk_BUFGP         |   0.000|
bus_address_in<29>|    3.058(R)|      SLOW  |   -0.992(R)|      FAST  |clk_BUFGP         |   0.000|
bus_address_in<30>|    4.193(R)|      SLOW  |   -1.455(R)|      FAST  |clk_BUFGP         |   0.000|
bus_address_in<31>|    2.673(R)|      SLOW  |   -0.929(R)|      FAST  |clk_BUFGP         |   0.000|
bus_data_in<0>    |    2.844(R)|      SLOW  |   -0.973(R)|      FAST  |clk_BUFGP         |   0.000|
bus_data_in<1>    |    2.602(R)|      SLOW  |   -0.850(R)|      FAST  |clk_BUFGP         |   0.000|
bus_data_in<2>    |    2.874(R)|      SLOW  |   -0.953(R)|      FAST  |clk_BUFGP         |   0.000|
bus_data_in<3>    |    2.394(R)|      SLOW  |   -0.759(R)|      FAST  |clk_BUFGP         |   0.000|
bus_data_in<4>    |    2.405(R)|      SLOW  |   -0.733(R)|      FAST  |clk_BUFGP         |   0.000|
bus_data_in<5>    |    2.222(R)|      SLOW  |   -0.668(R)|      FAST  |clk_BUFGP         |   0.000|
bus_data_in<6>    |    2.493(R)|      SLOW  |   -0.764(R)|      FAST  |clk_BUFGP         |   0.000|
bus_data_in<7>    |    1.884(R)|      SLOW  |   -0.527(R)|      FAST  |clk_BUFGP         |   0.000|
bus_data_in<8>    |    2.339(R)|      SLOW  |   -0.752(R)|      FAST  |clk_BUFGP         |   0.000|
bus_data_in<9>    |    2.182(R)|      SLOW  |   -0.712(R)|      FAST  |clk_BUFGP         |   0.000|
bus_data_in<10>   |    2.265(R)|      SLOW  |   -0.754(R)|      FAST  |clk_BUFGP         |   0.000|
bus_data_in<11>   |    1.795(R)|      SLOW  |   -0.579(R)|      FAST  |clk_BUFGP         |   0.000|
bus_data_in<12>   |    1.739(R)|      SLOW  |   -0.414(R)|      FAST  |clk_BUFGP         |   0.000|
bus_data_in<13>   |    1.522(R)|      SLOW  |   -0.360(R)|      FAST  |clk_BUFGP         |   0.000|
bus_data_in<14>   |    1.465(R)|      SLOW  |   -0.296(R)|      FAST  |clk_BUFGP         |   0.000|
bus_data_in<15>   |    1.038(R)|      SLOW  |   -0.023(R)|      SLOW  |clk_BUFGP         |   0.000|
bus_data_in<16>   |    1.376(R)|      SLOW  |   -0.270(R)|      FAST  |clk_BUFGP         |   0.000|
bus_data_in<17>   |    0.953(R)|      SLOW  |    0.006(R)|      SLOW  |clk_BUFGP         |   0.000|
bus_data_in<18>   |    1.413(R)|      SLOW  |   -0.286(R)|      FAST  |clk_BUFGP         |   0.000|
bus_data_in<19>   |    1.293(R)|      SLOW  |   -0.261(R)|      FAST  |clk_BUFGP         |   0.000|
bus_data_in<20>   |    1.126(R)|      SLOW  |   -0.148(R)|      FAST  |clk_BUFGP         |   0.000|
bus_data_in<21>   |    1.157(R)|      SLOW  |   -0.188(R)|      SLOW  |clk_BUFGP         |   0.000|
bus_data_in<22>   |    1.337(R)|      SLOW  |   -0.316(R)|      FAST  |clk_BUFGP         |   0.000|
bus_data_in<23>   |    0.999(R)|      SLOW  |   -0.038(R)|      SLOW  |clk_BUFGP         |   0.000|
bus_data_in<24>   |    1.651(R)|      SLOW  |   -0.380(R)|      FAST  |clk_BUFGP         |   0.000|
bus_data_in<25>   |    1.507(R)|      SLOW  |   -0.369(R)|      FAST  |clk_BUFGP         |   0.000|
bus_data_in<26>   |    1.821(R)|      SLOW  |   -0.509(R)|      FAST  |clk_BUFGP         |   0.000|
bus_data_in<27>   |    2.398(R)|      SLOW  |   -0.767(R)|      FAST  |clk_BUFGP         |   0.000|
bus_data_in<28>   |    1.116(R)|      SLOW  |   -0.145(R)|      FAST  |clk_BUFGP         |   0.000|
bus_data_in<29>   |    1.989(R)|      SLOW  |   -0.556(R)|      FAST  |clk_BUFGP         |   0.000|
bus_data_in<30>   |    1.601(R)|      SLOW  |   -0.456(R)|      FAST  |clk_BUFGP         |   0.000|
bus_data_in<31>   |    1.748(R)|      SLOW  |   -0.457(R)|      FAST  |clk_BUFGP         |   0.000|
command<0>        |    8.430(R)|      SLOW  |   -2.636(R)|      FAST  |clk_BUFGP         |   0.000|
command<1>        |    7.482(R)|      SLOW  |   -2.281(R)|      FAST  |clk_BUFGP         |   0.000|
command<2>        |    8.972(R)|      SLOW  |   -3.063(R)|      FAST  |clk_BUFGP         |   0.000|
command<3>        |    7.859(R)|      SLOW  |   -2.381(R)|      FAST  |clk_BUFGP         |   0.000|
command<4>        |    9.242(R)|      SLOW  |   -3.238(R)|      FAST  |clk_BUFGP         |   0.000|
command<5>        |    9.351(R)|      SLOW  |   -3.064(R)|      FAST  |clk_BUFGP         |   0.000|
command<6>        |    8.031(R)|      SLOW  |   -2.456(R)|      FAST  |clk_BUFGP         |   0.000|
command<7>        |    8.082(R)|      SLOW  |   -2.545(R)|      FAST  |clk_BUFGP         |   0.000|
command<8>        |    7.648(R)|      SLOW  |   -2.371(R)|      FAST  |clk_BUFGP         |   0.000|
command<9>        |    6.920(R)|      SLOW  |   -2.119(R)|      FAST  |clk_BUFGP         |   0.000|
command<10>       |    9.595(R)|      SLOW  |   -3.115(R)|      FAST  |clk_BUFGP         |   0.000|
command<11>       |    9.453(R)|      SLOW  |   -3.059(R)|      FAST  |clk_BUFGP         |   0.000|
command<12>       |    6.813(R)|      SLOW  |   -1.835(R)|      FAST  |clk_BUFGP         |   0.000|
command<13>       |    7.997(R)|      SLOW  |   -2.451(R)|      FAST  |clk_BUFGP         |   0.000|
command<14>       |    8.493(R)|      SLOW  |   -2.661(R)|      FAST  |clk_BUFGP         |   0.000|
command<15>       |    9.295(R)|      SLOW  |   -3.185(R)|      FAST  |clk_BUFGP         |   0.000|
command<16>       |   10.145(R)|      SLOW  |   -3.497(R)|      FAST  |clk_BUFGP         |   0.000|
command<17>       |    7.934(R)|      SLOW  |   -2.637(R)|      FAST  |clk_BUFGP         |   0.000|
command<18>       |    8.166(R)|      SLOW  |   -2.651(R)|      FAST  |clk_BUFGP         |   0.000|
command<19>       |    7.542(R)|      SLOW  |   -2.434(R)|      FAST  |clk_BUFGP         |   0.000|
command<20>       |    9.394(R)|      SLOW  |   -3.182(R)|      FAST  |clk_BUFGP         |   0.000|
command<21>       |    8.836(R)|      SLOW  |   -2.889(R)|      FAST  |clk_BUFGP         |   0.000|
command<22>       |    8.372(R)|      SLOW  |   -2.626(R)|      FAST  |clk_BUFGP         |   0.000|
command<23>       |    8.329(R)|      SLOW  |   -2.676(R)|      FAST  |clk_BUFGP         |   0.000|
command<24>       |    9.411(R)|      SLOW  |   -3.187(R)|      FAST  |clk_BUFGP         |   0.000|
command<25>       |    8.717(R)|      SLOW  |   -2.947(R)|      FAST  |clk_BUFGP         |   0.000|
command<26>       |    7.756(R)|      SLOW  |   -2.475(R)|      FAST  |clk_BUFGP         |   0.000|
command<27>       |    8.028(R)|      SLOW  |   -2.659(R)|      FAST  |clk_BUFGP         |   0.000|
command<28>       |    6.709(R)|      SLOW  |   -2.026(R)|      FAST  |clk_BUFGP         |   0.000|
command<29>       |    6.305(R)|      SLOW  |   -2.337(R)|      FAST  |clk_BUFGP         |   0.000|
command<30>       |    4.592(R)|      SLOW  |   -1.389(R)|      FAST  |clk_BUFGP         |   0.000|
command<31>       |    3.802(R)|      SLOW  |   -1.407(R)|      FAST  |clk_BUFGP         |   0.000|
reset             |   10.095(R)|      SLOW  |   -1.694(R)|      FAST  |clk_BUFGP         |   0.000|
------------------+------------+------------+------------+------------+------------------+--------+

Clock clk to Pad
----------------+-----------------+------------+-----------------+------------+------------------+--------+
                |Max (slowest) clk|  Process   |Min (fastest) clk|  Process   |                  | Clock  |
Destination     |  (edge) to PAD  |   Corner   |  (edge) to PAD  |   Corner   |Internal Clock(s) | Phase  |
----------------+-----------------+------------+-----------------+------------+------------------+--------+
bus_data_out<0> |         9.948(R)|      SLOW  |         4.057(R)|      FAST  |clk_BUFGP         |   0.000|
bus_data_out<1> |         9.948(R)|      SLOW  |         4.057(R)|      FAST  |clk_BUFGP         |   0.000|
bus_data_out<2> |        10.083(R)|      SLOW  |         4.151(R)|      FAST  |clk_BUFGP         |   0.000|
bus_data_out<3> |        10.077(R)|      SLOW  |         4.149(R)|      FAST  |clk_BUFGP         |   0.000|
bus_data_out<4> |        10.086(R)|      SLOW  |         4.166(R)|      FAST  |clk_BUFGP         |   0.000|
bus_data_out<5> |        10.439(R)|      SLOW  |         4.382(R)|      FAST  |clk_BUFGP         |   0.000|
bus_data_out<6> |        10.571(R)|      SLOW  |         4.390(R)|      FAST  |clk_BUFGP         |   0.000|
bus_data_out<7> |        10.410(R)|      SLOW  |         4.358(R)|      FAST  |clk_BUFGP         |   0.000|
bus_data_out<8> |        10.278(R)|      SLOW  |         4.324(R)|      FAST  |clk_BUFGP         |   0.000|
bus_data_out<9> |        10.272(R)|      SLOW  |         4.322(R)|      FAST  |clk_BUFGP         |   0.000|
bus_data_out<10>|        10.213(R)|      SLOW  |         4.216(R)|      FAST  |clk_BUFGP         |   0.000|
bus_data_out<11>|        10.234(R)|      SLOW  |         4.269(R)|      FAST  |clk_BUFGP         |   0.000|
bus_data_out<12>|        10.410(R)|      SLOW  |         4.394(R)|      FAST  |clk_BUFGP         |   0.000|
bus_data_out<13>|        10.348(R)|      SLOW  |         4.319(R)|      FAST  |clk_BUFGP         |   0.000|
bus_data_out<14>|         9.918(R)|      SLOW  |         4.072(R)|      FAST  |clk_BUFGP         |   0.000|
bus_data_out<15>|         9.912(R)|      SLOW  |         4.070(R)|      FAST  |clk_BUFGP         |   0.000|
bus_data_out<16>|         9.917(R)|      SLOW  |         4.042(R)|      FAST  |clk_BUFGP         |   0.000|
bus_data_out<17>|         9.923(R)|      SLOW  |         4.044(R)|      FAST  |clk_BUFGP         |   0.000|
bus_data_out<18>|        10.073(R)|      SLOW  |         4.135(R)|      FAST  |clk_BUFGP         |   0.000|
bus_data_out<19>|        10.073(R)|      SLOW  |         4.135(R)|      FAST  |clk_BUFGP         |   0.000|
bus_data_out<20>|         9.847(R)|      SLOW  |         3.978(R)|      FAST  |clk_BUFGP         |   0.000|
bus_data_out<21>|         9.833(R)|      SLOW  |         3.988(R)|      FAST  |clk_BUFGP         |   0.000|
bus_data_out<22>|         9.864(R)|      SLOW  |         4.021(R)|      FAST  |clk_BUFGP         |   0.000|
bus_data_out<23>|         9.864(R)|      SLOW  |         4.021(R)|      FAST  |clk_BUFGP         |   0.000|
bus_data_out<24>|         9.624(R)|      SLOW  |         3.921(R)|      FAST  |clk_BUFGP         |   0.000|
bus_data_out<25>|         9.888(R)|      SLOW  |         4.016(R)|      FAST  |clk_BUFGP         |   0.000|
bus_data_out<26>|         9.899(R)|      SLOW  |         4.057(R)|      FAST  |clk_BUFGP         |   0.000|
bus_data_out<27>|         9.899(R)|      SLOW  |         4.057(R)|      FAST  |clk_BUFGP         |   0.000|
bus_data_out<28>|         9.883(R)|      SLOW  |         4.053(R)|      FAST  |clk_BUFGP         |   0.000|
bus_data_out<29>|         9.830(R)|      SLOW  |         4.019(R)|      FAST  |clk_BUFGP         |   0.000|
bus_data_out<30>|         9.532(R)|      SLOW  |         3.888(R)|      FAST  |clk_BUFGP         |   0.000|
bus_data_out<31>|         9.532(R)|      SLOW  |         3.888(R)|      FAST  |clk_BUFGP         |   0.000|
status<30>      |         9.768(R)|      SLOW  |         3.975(R)|      FAST  |clk_BUFGP         |   0.000|
status<31>      |        10.388(R)|      SLOW  |         4.287(R)|      FAST  |clk_BUFGP         |   0.000|
----------------+-----------------+------------+-----------------+------------+------------------+--------+

Clock to Setup on destination clock clk
---------------+---------+---------+---------+---------+
               | Src:Rise| Src:Fall| Src:Rise| Src:Fall|
Source Clock   |Dest:Rise|Dest:Rise|Dest:Fall|Dest:Fall|
---------------+---------+---------+---------+---------+
clk            |   13.403|         |         |         |
---------------+---------+---------+---------+---------+


Analysis completed Tue Oct 15 17:06:33 2013 
--------------------------------------------------------------------------------

Trace Settings:
-------------------------
Trace Settings 

Peak Memory Usage: 215 MB



