--------------------------------------------------------------------------------
Release 12.4 Trace  (nt64)
Copyright (c) 1995-2010 Xilinx, Inc.  All rights reserved.

C:\Xilinx\12.4\ISE_DS\ISE\bin\nt64\unwrapped\trce.exe -intstyle ise -v 3 -s 2
-n 3 -fastpaths -xml toplevel.twx toplevel.ncd -o toplevel.twr toplevel.pcf

Design file:              toplevel.ncd
Physical constraint file: toplevel.pcf
Device,package,speed:     xc6slx16,csg324,C,-2 (PRODUCTION 1.15 2010-12-02)
Report level:             verbose report

Environment Variable      Effect 
--------------------      ------ 
NONE                      No environment variables were set
--------------------------------------------------------------------------------

INFO:Timing:2698 - No timing constraints found, doing default enumeration.
INFO:Timing:2752 - To get complete path coverage, use the unconstrained paths 
   option. All paths that are not constrained will be reported in the 
   unconstrained paths section(s) of the report.
INFO:Timing:3339 - The clock-to-out numbers in this timing report are based on 
   a 50 Ohm transmission line loading model.  For the details of this model, 
   and for more information on accounting for different loading conditions, 
   please see the device datasheet.



Data Sheet report:
-----------------
All values displayed in nanoseconds (ns)

Setup/Hold to clock clk
------------------+------------+------------+------------+------------+------------------+--------+
                  |Max Setup to|  Process   |Max Hold to |  Process   |                  | Clock  |
Source            | clk (edge) |   Corner   | clk (edge) |   Corner   |Internal Clock(s) | Phase  |
------------------+------------+------------+------------+------------+------------------+--------+
bus_address_in<24>|    1.828(R)|      SLOW  |   -0.367(R)|      FAST  |clk_BUFGP         |   0.000|
bus_address_in<25>|    1.291(R)|      SLOW  |   -0.076(R)|      SLOW  |clk_BUFGP         |   0.000|
bus_address_in<26>|    0.992(R)|      SLOW  |    0.394(R)|      SLOW  |clk_BUFGP         |   0.000|
bus_address_in<27>|    1.511(R)|      SLOW  |   -0.085(R)|      SLOW  |clk_BUFGP         |   0.000|
bus_address_in<28>|    0.996(R)|      SLOW  |    0.422(R)|      SLOW  |clk_BUFGP         |   0.000|
bus_address_in<29>|    1.422(R)|      SLOW  |   -0.168(R)|      SLOW  |clk_BUFGP         |   0.000|
bus_address_in<30>|    1.872(R)|      SLOW  |   -0.113(R)|      SLOW  |clk_BUFGP         |   0.000|
bus_address_in<31>|    1.558(R)|      SLOW  |    0.045(R)|      SLOW  |clk_BUFGP         |   0.000|
bus_data_in<0>    |    4.815(R)|      SLOW  |   -1.919(R)|      FAST  |clk_BUFGP         |   0.000|
bus_data_in<1>    |    4.725(R)|      SLOW  |   -1.844(R)|      FAST  |clk_BUFGP         |   0.000|
bus_data_in<2>    |    5.442(R)|      SLOW  |   -2.412(R)|      FAST  |clk_BUFGP         |   0.000|
bus_data_in<3>    |    4.755(R)|      SLOW  |   -1.910(R)|      FAST  |clk_BUFGP         |   0.000|
bus_data_in<4>    |    4.469(R)|      SLOW  |   -1.804(R)|      FAST  |clk_BUFGP         |   0.000|
bus_data_in<5>    |    4.279(R)|      SLOW  |   -1.671(R)|      FAST  |clk_BUFGP         |   0.000|
bus_data_in<6>    |    3.993(R)|      SLOW  |   -1.563(R)|      FAST  |clk_BUFGP         |   0.000|
bus_data_in<7>    |    3.987(R)|      SLOW  |   -1.510(R)|      FAST  |clk_BUFGP         |   0.000|
bus_data_in<8>    |    4.753(R)|      SLOW  |   -1.922(R)|      FAST  |clk_BUFGP         |   0.000|
bus_data_in<9>    |    4.738(R)|      SLOW  |   -1.897(R)|      FAST  |clk_BUFGP         |   0.000|
bus_data_in<10>   |    4.920(R)|      SLOW  |   -2.018(R)|      FAST  |clk_BUFGP         |   0.000|
bus_data_in<11>   |    4.705(R)|      SLOW  |   -1.893(R)|      FAST  |clk_BUFGP         |   0.000|
bus_data_in<12>   |    5.448(R)|      SLOW  |   -2.273(R)|      FAST  |clk_BUFGP         |   0.000|
bus_data_in<13>   |    5.238(R)|      SLOW  |   -2.116(R)|      FAST  |clk_BUFGP         |   0.000|
bus_data_in<14>   |    5.022(R)|      SLOW  |   -2.070(R)|      FAST  |clk_BUFGP         |   0.000|
bus_data_in<15>   |    4.914(R)|      SLOW  |   -1.956(R)|      FAST  |clk_BUFGP         |   0.000|
bus_data_in<16>   |    4.733(R)|      SLOW  |   -1.954(R)|      FAST  |clk_BUFGP         |   0.000|
bus_data_in<17>   |    4.969(R)|      SLOW  |   -2.023(R)|      FAST  |clk_BUFGP         |   0.000|
bus_data_in<18>   |    4.681(R)|      SLOW  |   -1.881(R)|      FAST  |clk_BUFGP         |   0.000|
bus_data_in<19>   |    4.705(R)|      SLOW  |   -1.906(R)|      FAST  |clk_BUFGP         |   0.000|
bus_data_in<20>   |    5.462(R)|      SLOW  |   -2.298(R)|      FAST  |clk_BUFGP         |   0.000|
bus_data_in<21>   |    5.233(R)|      SLOW  |   -2.196(R)|      FAST  |clk_BUFGP         |   0.000|
bus_data_in<22>   |    5.173(R)|      SLOW  |   -2.149(R)|      FAST  |clk_BUFGP         |   0.000|
bus_data_in<23>   |    5.400(R)|      SLOW  |   -2.279(R)|      FAST  |clk_BUFGP         |   0.000|
bus_data_in<24>   |    5.227(R)|      SLOW  |   -2.198(R)|      FAST  |clk_BUFGP         |   0.000|
bus_data_in<25>   |    5.198(R)|      SLOW  |   -2.183(R)|      FAST  |clk_BUFGP         |   0.000|
bus_data_in<26>   |    5.358(R)|      SLOW  |   -2.232(R)|      FAST  |clk_BUFGP         |   0.000|
bus_data_in<27>   |    5.165(R)|      SLOW  |   -2.179(R)|      FAST  |clk_BUFGP         |   0.000|
bus_data_in<28>   |    5.247(R)|      SLOW  |   -2.164(R)|      FAST  |clk_BUFGP         |   0.000|
bus_data_in<29>   |    4.951(R)|      SLOW  |   -2.037(R)|      FAST  |clk_BUFGP         |   0.000|
bus_data_in<30>   |    5.482(R)|      SLOW  |   -2.265(R)|      FAST  |clk_BUFGP         |   0.000|
bus_data_in<31>   |    5.433(R)|      SLOW  |   -2.293(R)|      FAST  |clk_BUFGP         |   0.000|
command<0>        |    9.497(R)|      SLOW  |   -3.357(R)|      FAST  |clk_BUFGP         |   0.000|
command<1>        |    8.705(R)|      SLOW  |   -2.967(R)|      FAST  |clk_BUFGP         |   0.000|
command<2>        |    9.351(R)|      SLOW  |   -3.218(R)|      FAST  |clk_BUFGP         |   0.000|
command<3>        |    9.405(R)|      SLOW  |   -3.161(R)|      FAST  |clk_BUFGP         |   0.000|
command<4>        |    8.686(R)|      SLOW  |   -2.937(R)|      FAST  |clk_BUFGP         |   0.000|
command<5>        |    9.203(R)|      SLOW  |   -3.102(R)|      FAST  |clk_BUFGP         |   0.000|
command<6>        |    8.857(R)|      SLOW  |   -3.085(R)|      FAST  |clk_BUFGP         |   0.000|
command<7>        |    9.003(R)|      SLOW  |   -3.066(R)|      FAST  |clk_BUFGP         |   0.000|
command<8>        |    7.369(R)|      SLOW  |   -2.378(R)|      FAST  |clk_BUFGP         |   0.000|
command<9>        |    6.799(R)|      SLOW  |   -2.106(R)|      FAST  |clk_BUFGP         |   0.000|
command<10>       |    8.269(R)|      SLOW  |   -2.644(R)|      FAST  |clk_BUFGP         |   0.000|
command<11>       |    8.378(R)|      SLOW  |   -2.683(R)|      FAST  |clk_BUFGP         |   0.000|
command<12>       |    8.013(R)|      SLOW  |   -2.626(R)|      FAST  |clk_BUFGP         |   0.000|
command<13>       |    9.686(R)|      SLOW  |   -3.263(R)|      FAST  |clk_BUFGP         |   0.000|
command<14>       |    9.409(R)|      SLOW  |   -3.164(R)|      FAST  |clk_BUFGP         |   0.000|
command<15>       |    8.184(R)|      SLOW  |   -2.592(R)|      FAST  |clk_BUFGP         |   0.000|
command<16>       |    7.753(R)|      SLOW  |   -2.455(R)|      FAST  |clk_BUFGP         |   0.000|
command<17>       |    8.243(R)|      SLOW  |   -2.704(R)|      FAST  |clk_BUFGP         |   0.000|
command<18>       |    7.976(R)|      SLOW  |   -2.565(R)|      FAST  |clk_BUFGP         |   0.000|
command<19>       |    6.628(R)|      SLOW  |   -2.030(R)|      FAST  |clk_BUFGP         |   0.000|
command<20>       |    8.231(R)|      SLOW  |   -2.678(R)|      FAST  |clk_BUFGP         |   0.000|
command<21>       |    8.444(R)|      SLOW  |   -2.759(R)|      FAST  |clk_BUFGP         |   0.000|
command<22>       |    9.469(R)|      SLOW  |   -3.243(R)|      FAST  |clk_BUFGP         |   0.000|
command<23>       |    8.982(R)|      SLOW  |   -2.969(R)|      FAST  |clk_BUFGP         |   0.000|
command<24>       |    8.529(R)|      SLOW  |   -2.769(R)|      FAST  |clk_BUFGP         |   0.000|
command<25>       |    8.225(R)|      SLOW  |   -2.595(R)|      FAST  |clk_BUFGP         |   0.000|
command<26>       |    7.815(R)|      SLOW  |   -2.535(R)|      FAST  |clk_BUFGP         |   0.000|
command<27>       |    8.155(R)|      SLOW  |   -2.646(R)|      FAST  |clk_BUFGP         |   0.000|
command<28>       |    7.189(R)|      SLOW  |   -2.295(R)|      FAST  |clk_BUFGP         |   0.000|
command<29>       |    5.471(R)|      SLOW  |   -1.176(R)|      FAST  |clk_BUFGP         |   0.000|
command<30>       |    5.222(R)|      SLOW  |   -1.698(R)|      FAST  |clk_BUFGP         |   0.000|
command<31>       |    4.760(R)|      SLOW  |   -1.605(R)|      FAST  |clk_BUFGP         |   0.000|
reset             |   12.686(R)|      SLOW  |   -2.462(R)|      FAST  |clk_BUFGP         |   0.000|
------------------+------------+------------+------------+------------+------------------+--------+

Clock clk to Pad
----------------+-----------------+------------+-----------------+------------+------------------+--------+
                |Max (slowest) clk|  Process   |Min (fastest) clk|  Process   |                  | Clock  |
Destination     |  (edge) to PAD  |   Corner   |  (edge) to PAD  |   Corner   |Internal Clock(s) | Phase  |
----------------+-----------------+------------+-----------------+------------+------------------+--------+
bus_data_out<0> |        10.243(R)|      SLOW  |         4.217(R)|      FAST  |clk_BUFGP         |   0.000|
bus_data_out<1> |        10.015(R)|      SLOW  |         4.106(R)|      FAST  |clk_BUFGP         |   0.000|
bus_data_out<2> |        10.292(R)|      SLOW  |         4.247(R)|      FAST  |clk_BUFGP         |   0.000|
bus_data_out<3> |         9.770(R)|      SLOW  |         3.980(R)|      FAST  |clk_BUFGP         |   0.000|
bus_data_out<4> |        10.275(R)|      SLOW  |         4.255(R)|      FAST  |clk_BUFGP         |   0.000|
bus_data_out<5> |         9.735(R)|      SLOW  |         3.969(R)|      FAST  |clk_BUFGP         |   0.000|
bus_data_out<6> |        10.047(R)|      SLOW  |         4.111(R)|      FAST  |clk_BUFGP         |   0.000|
bus_data_out<7> |        10.069(R)|      SLOW  |         4.126(R)|      FAST  |clk_BUFGP         |   0.000|
bus_data_out<8> |         9.733(R)|      SLOW  |         3.978(R)|      FAST  |clk_BUFGP         |   0.000|
bus_data_out<9> |        10.231(R)|      SLOW  |         4.198(R)|      FAST  |clk_BUFGP         |   0.000|
bus_data_out<10>|        10.017(R)|      SLOW  |         4.105(R)|      FAST  |clk_BUFGP         |   0.000|
bus_data_out<11>|        10.379(R)|      SLOW  |         4.309(R)|      FAST  |clk_BUFGP         |   0.000|
bus_data_out<12>|        10.000(R)|      SLOW  |         4.087(R)|      FAST  |clk_BUFGP         |   0.000|
bus_data_out<13>|        10.265(R)|      SLOW  |         4.211(R)|      FAST  |clk_BUFGP         |   0.000|
bus_data_out<14>|        10.332(R)|      SLOW  |         4.225(R)|      FAST  |clk_BUFGP         |   0.000|
bus_data_out<15>|        10.248(R)|      SLOW  |         4.194(R)|      FAST  |clk_BUFGP         |   0.000|
bus_data_out<16>|        10.722(R)|      SLOW  |         4.450(R)|      FAST  |clk_BUFGP         |   0.000|
bus_data_out<17>|        10.959(R)|      SLOW  |         4.557(R)|      FAST  |clk_BUFGP         |   0.000|
bus_data_out<18>|        10.745(R)|      SLOW  |         4.464(R)|      FAST  |clk_BUFGP         |   0.000|
bus_data_out<19>|         9.371(R)|      SLOW  |         3.741(R)|      FAST  |clk_BUFGP         |   0.000|
bus_data_out<20>|         8.971(R)|      SLOW  |         3.495(R)|      FAST  |clk_BUFGP         |   0.000|
bus_data_out<21>|         9.139(R)|      SLOW  |         3.568(R)|      FAST  |clk_BUFGP         |   0.000|
bus_data_out<22>|         9.139(R)|      SLOW  |         3.568(R)|      FAST  |clk_BUFGP         |   0.000|
bus_data_out<23>|         8.687(R)|      SLOW  |         3.372(R)|      FAST  |clk_BUFGP         |   0.000|
bus_data_out<24>|         9.216(R)|      SLOW  |         3.612(R)|      FAST  |clk_BUFGP         |   0.000|
bus_data_out<25>|         9.194(R)|      SLOW  |         3.603(R)|      FAST  |clk_BUFGP         |   0.000|
bus_data_out<26>|         8.748(R)|      SLOW  |         3.404(R)|      FAST  |clk_BUFGP         |   0.000|
bus_data_out<27>|         8.925(R)|      SLOW  |         3.486(R)|      FAST  |clk_BUFGP         |   0.000|
bus_data_out<28>|         8.999(R)|      SLOW  |         3.520(R)|      FAST  |clk_BUFGP         |   0.000|
bus_data_out<29>|         8.962(R)|      SLOW  |         3.492(R)|      FAST  |clk_BUFGP         |   0.000|
bus_data_out<30>|         8.923(R)|      SLOW  |         3.487(R)|      FAST  |clk_BUFGP         |   0.000|
bus_data_out<31>|         8.414(R)|      SLOW  |         3.255(R)|      FAST  |clk_BUFGP         |   0.000|
status<30>      |         9.763(R)|      SLOW  |         3.973(R)|      FAST  |clk_BUFGP         |   0.000|
status<31>      |         9.822(R)|      SLOW  |         4.003(R)|      FAST  |clk_BUFGP         |   0.000|
----------------+-----------------+------------+-----------------+------------+------------------+--------+

Clock to Setup on destination clock clk
---------------+---------+---------+---------+---------+
               | Src:Rise| Src:Fall| Src:Rise| Src:Fall|
Source Clock   |Dest:Rise|Dest:Rise|Dest:Fall|Dest:Fall|
---------------+---------+---------+---------+---------+
clk            |   16.359|    6.407|    4.817|         |
---------------+---------+---------+---------+---------+


Analysis completed Thu Oct 17 17:43:39 2013 
--------------------------------------------------------------------------------

Trace Settings:
-------------------------
Trace Settings 

Peak Memory Usage: 225 MB



