--------------------------------------------------------------------------------
Release 12.4 Trace  (nt64)
Copyright (c) 1995-2010 Xilinx, Inc.  All rights reserved.

C:\Xilinx\12.4\ISE_DS\ISE\bin\nt64\unwrapped\trce.exe -intstyle ise -v 3 -s 2
-n 3 -fastpaths -xml toplevel.twx toplevel.ncd -o toplevel.twr toplevel.pcf

Design file:              toplevel.ncd
Physical constraint file: toplevel.pcf
Device,package,speed:     xc6slx16,csg324,C,-2 (PRODUCTION 1.15 2010-12-02)
Report level:             verbose report

Environment Variable      Effect 
--------------------      ------ 
NONE                      No environment variables were set
--------------------------------------------------------------------------------

INFO:Timing:2698 - No timing constraints found, doing default enumeration.
INFO:Timing:2752 - To get complete path coverage, use the unconstrained paths 
   option. All paths that are not constrained will be reported in the 
   unconstrained paths section(s) of the report.
INFO:Timing:3339 - The clock-to-out numbers in this timing report are based on 
   a 50 Ohm transmission line loading model.  For the details of this model, 
   and for more information on accounting for different loading conditions, 
   please see the device datasheet.



Data Sheet report:
-----------------
All values displayed in nanoseconds (ns)

Setup/Hold to clock clk
------------------+------------+------------+------------+------------+------------------+--------+
                  |Max Setup to|  Process   |Max Hold to |  Process   |                  | Clock  |
Source            | clk (edge) |   Corner   | clk (edge) |   Corner   |Internal Clock(s) | Phase  |
------------------+------------+------------+------------+------------+------------------+--------+
bus_address_in<24>|    3.831(R)|      SLOW  |   -1.001(R)|      FAST  |clk_BUFGP         |   0.000|
bus_address_in<25>|    3.108(R)|      SLOW  |   -0.679(R)|      FAST  |clk_BUFGP         |   0.000|
bus_address_in<26>|    3.669(R)|      SLOW  |   -0.898(R)|      FAST  |clk_BUFGP         |   0.000|
bus_address_in<27>|    3.046(R)|      SLOW  |   -0.837(R)|      FAST  |clk_BUFGP         |   0.000|
bus_address_in<28>|    2.896(R)|      SLOW  |   -0.917(R)|      FAST  |clk_BUFGP         |   0.000|
bus_address_in<29>|    2.705(R)|      SLOW  |   -0.849(R)|      FAST  |clk_BUFGP         |   0.000|
bus_address_in<30>|    3.915(R)|      SLOW  |   -1.346(R)|      FAST  |clk_BUFGP         |   0.000|
bus_address_in<31>|    2.818(R)|      SLOW  |   -0.915(R)|      FAST  |clk_BUFGP         |   0.000|
bus_data_in<0>    |    2.097(R)|      SLOW  |   -0.599(R)|      FAST  |clk_BUFGP         |   0.000|
bus_data_in<1>    |    2.011(R)|      SLOW  |   -0.582(R)|      FAST  |clk_BUFGP         |   0.000|
bus_data_in<2>    |    1.984(R)|      SLOW  |   -0.531(R)|      FAST  |clk_BUFGP         |   0.000|
bus_data_in<3>    |    1.576(R)|      SLOW  |   -0.393(R)|      FAST  |clk_BUFGP         |   0.000|
bus_data_in<4>    |    1.738(R)|      SLOW  |   -0.382(R)|      FAST  |clk_BUFGP         |   0.000|
bus_data_in<5>    |    1.581(R)|      SLOW  |   -0.348(R)|      SLOW  |clk_BUFGP         |   0.000|
bus_data_in<6>    |    1.799(R)|      SLOW  |   -0.405(R)|      FAST  |clk_BUFGP         |   0.000|
bus_data_in<7>    |    1.577(R)|      SLOW  |   -0.344(R)|      SLOW  |clk_BUFGP         |   0.000|
bus_data_in<8>    |    1.519(R)|      SLOW  |   -0.300(R)|      FAST  |clk_BUFGP         |   0.000|
bus_data_in<9>    |    1.279(R)|      SLOW  |   -0.250(R)|      SLOW  |clk_BUFGP         |   0.000|
bus_data_in<10>   |    1.619(R)|      SLOW  |   -0.349(R)|      FAST  |clk_BUFGP         |   0.000|
bus_data_in<11>   |    1.087(R)|      SLOW  |   -0.068(R)|      SLOW  |clk_BUFGP         |   0.000|
bus_data_in<12>   |    1.409(R)|      SLOW  |   -0.268(R)|      FAST  |clk_BUFGP         |   0.000|
bus_data_in<13>   |    1.180(R)|      SLOW  |   -0.208(R)|      SLOW  |clk_BUFGP         |   0.000|
bus_data_in<14>   |    0.862(R)|      SLOW  |    0.092(R)|      SLOW  |clk_BUFGP         |   0.000|
bus_data_in<15>   |    0.974(R)|      SLOW  |   -0.014(R)|      SLOW  |clk_BUFGP         |   0.000|
bus_data_in<16>   |    1.315(R)|      SLOW  |   -0.229(R)|      FAST  |clk_BUFGP         |   0.000|
bus_data_in<17>   |    1.156(R)|      SLOW  |   -0.187(R)|      SLOW  |clk_BUFGP         |   0.000|
bus_data_in<18>   |    1.412(R)|      SLOW  |   -0.270(R)|      FAST  |clk_BUFGP         |   0.000|
bus_data_in<19>   |    1.292(R)|      SLOW  |   -0.283(R)|      FAST  |clk_BUFGP         |   0.000|
bus_data_in<20>   |    1.896(R)|      SLOW  |   -0.503(R)|      FAST  |clk_BUFGP         |   0.000|
bus_data_in<21>   |    1.670(R)|      SLOW  |   -0.460(R)|      FAST  |clk_BUFGP         |   0.000|
bus_data_in<22>   |    3.043(R)|      SLOW  |   -0.992(R)|      FAST  |clk_BUFGP         |   0.000|
bus_data_in<23>   |    2.397(R)|      SLOW  |   -0.759(R)|      FAST  |clk_BUFGP         |   0.000|
bus_data_in<24>   |    1.623(R)|      SLOW  |   -0.327(R)|      FAST  |clk_BUFGP         |   0.000|
bus_data_in<25>   |    1.815(R)|      SLOW  |   -0.473(R)|      FAST  |clk_BUFGP         |   0.000|
bus_data_in<26>   |    2.102(R)|      SLOW  |   -0.547(R)|      FAST  |clk_BUFGP         |   0.000|
bus_data_in<27>   |    2.416(R)|      SLOW  |   -0.708(R)|      FAST  |clk_BUFGP         |   0.000|
bus_data_in<28>   |    1.774(R)|      SLOW  |   -0.476(R)|      FAST  |clk_BUFGP         |   0.000|
bus_data_in<29>   |    2.092(R)|      SLOW  |   -0.562(R)|      FAST  |clk_BUFGP         |   0.000|
bus_data_in<30>   |    2.104(R)|      SLOW  |   -0.628(R)|      FAST  |clk_BUFGP         |   0.000|
bus_data_in<31>   |    2.202(R)|      SLOW  |   -0.628(R)|      FAST  |clk_BUFGP         |   0.000|
command<0>        |    8.870(R)|      SLOW  |   -2.746(R)|      FAST  |clk_BUFGP         |   0.000|
command<1>        |    7.278(R)|      SLOW  |   -2.097(R)|      FAST  |clk_BUFGP         |   0.000|
command<2>        |    8.862(R)|      SLOW  |   -2.686(R)|      FAST  |clk_BUFGP         |   0.000|
command<3>        |    9.028(R)|      SLOW  |   -2.804(R)|      FAST  |clk_BUFGP         |   0.000|
command<4>        |    8.927(R)|      SLOW  |   -3.012(R)|      FAST  |clk_BUFGP         |   0.000|
command<5>        |    9.218(R)|      SLOW  |   -2.898(R)|      FAST  |clk_BUFGP         |   0.000|
command<6>        |    8.364(R)|      SLOW  |   -2.541(R)|      FAST  |clk_BUFGP         |   0.000|
command<7>        |    8.012(R)|      SLOW  |   -2.443(R)|      FAST  |clk_BUFGP         |   0.000|
command<8>        |    7.847(R)|      SLOW  |   -2.423(R)|      FAST  |clk_BUFGP         |   0.000|
command<9>        |    7.643(R)|      SLOW  |   -2.324(R)|      FAST  |clk_BUFGP         |   0.000|
command<10>       |    9.643(R)|      SLOW  |   -3.092(R)|      FAST  |clk_BUFGP         |   0.000|
command<11>       |    9.601(R)|      SLOW  |   -3.048(R)|      FAST  |clk_BUFGP         |   0.000|
command<12>       |    7.716(R)|      SLOW  |   -2.151(R)|      FAST  |clk_BUFGP         |   0.000|
command<13>       |    8.963(R)|      SLOW  |   -2.790(R)|      FAST  |clk_BUFGP         |   0.000|
command<14>       |    9.367(R)|      SLOW  |   -2.961(R)|      FAST  |clk_BUFGP         |   0.000|
command<15>       |    9.253(R)|      SLOW  |   -3.124(R)|      FAST  |clk_BUFGP         |   0.000|
command<16>       |   10.104(R)|      SLOW  |   -3.593(R)|      FAST  |clk_BUFGP         |   0.000|
command<17>       |    8.754(R)|      SLOW  |   -2.905(R)|      FAST  |clk_BUFGP         |   0.000|
command<18>       |    9.150(R)|      SLOW  |   -2.986(R)|      FAST  |clk_BUFGP         |   0.000|
command<19>       |    8.013(R)|      SLOW  |   -2.567(R)|      FAST  |clk_BUFGP         |   0.000|
command<20>       |    9.704(R)|      SLOW  |   -3.155(R)|      FAST  |clk_BUFGP         |   0.000|
command<21>       |    9.299(R)|      SLOW  |   -3.008(R)|      FAST  |clk_BUFGP         |   0.000|
command<22>       |    9.626(R)|      SLOW  |   -3.083(R)|      FAST  |clk_BUFGP         |   0.000|
command<23>       |    8.952(R)|      SLOW  |   -2.871(R)|      FAST  |clk_BUFGP         |   0.000|
command<24>       |    9.886(R)|      SLOW  |   -3.299(R)|      FAST  |clk_BUFGP         |   0.000|
command<25>       |    8.812(R)|      SLOW  |   -2.889(R)|      FAST  |clk_BUFGP         |   0.000|
command<26>       |    8.872(R)|      SLOW  |   -2.824(R)|      FAST  |clk_BUFGP         |   0.000|
command<27>       |    8.420(R)|      SLOW  |   -2.749(R)|      FAST  |clk_BUFGP         |   0.000|
command<28>       |    7.180(R)|      SLOW  |   -2.159(R)|      FAST  |clk_BUFGP         |   0.000|
command<29>       |    6.174(R)|      SLOW  |   -2.214(R)|      FAST  |clk_BUFGP         |   0.000|
command<30>       |    4.028(R)|      SLOW  |   -1.523(R)|      FAST  |clk_BUFGP         |   0.000|
command<31>       |    3.727(R)|      SLOW  |   -1.370(R)|      FAST  |clk_BUFGP         |   0.000|
reset             |   11.240(R)|      SLOW  |   -1.501(R)|      FAST  |clk_BUFGP         |   0.000|
------------------+------------+------------+------------+------------+------------------+--------+

Clock clk to Pad
----------------+-----------------+------------+-----------------+------------+------------------+--------+
                |Max (slowest) clk|  Process   |Min (fastest) clk|  Process   |                  | Clock  |
Destination     |  (edge) to PAD  |   Corner   |  (edge) to PAD  |   Corner   |Internal Clock(s) | Phase  |
----------------+-----------------+------------+-----------------+------------+------------------+--------+
bus_data_out<0> |        10.053(R)|      SLOW  |         4.102(R)|      FAST  |clk_BUFGP         |   0.000|
bus_data_out<1> |        10.035(R)|      SLOW  |         4.095(R)|      FAST  |clk_BUFGP         |   0.000|
bus_data_out<2> |        10.088(R)|      SLOW  |         4.117(R)|      FAST  |clk_BUFGP         |   0.000|
bus_data_out<3> |        10.088(R)|      SLOW  |         4.117(R)|      FAST  |clk_BUFGP         |   0.000|
bus_data_out<4> |        10.588(R)|      SLOW  |         4.432(R)|      FAST  |clk_BUFGP         |   0.000|
bus_data_out<5> |        10.502(R)|      SLOW  |         4.399(R)|      FAST  |clk_BUFGP         |   0.000|
bus_data_out<6> |        10.257(R)|      SLOW  |         4.329(R)|      FAST  |clk_BUFGP         |   0.000|
bus_data_out<7> |        10.520(R)|      SLOW  |         4.423(R)|      FAST  |clk_BUFGP         |   0.000|
bus_data_out<8> |        10.433(R)|      SLOW  |         4.405(R)|      FAST  |clk_BUFGP         |   0.000|
bus_data_out<9> |        10.149(R)|      SLOW  |         4.270(R)|      FAST  |clk_BUFGP         |   0.000|
bus_data_out<10>|        10.074(R)|      SLOW  |         4.208(R)|      FAST  |clk_BUFGP         |   0.000|
bus_data_out<11>|        10.080(R)|      SLOW  |         4.210(R)|      FAST  |clk_BUFGP         |   0.000|
bus_data_out<12>|        10.761(R)|      SLOW  |         4.593(R)|      FAST  |clk_BUFGP         |   0.000|
bus_data_out<13>|        10.496(R)|      SLOW  |         4.477(R)|      FAST  |clk_BUFGP         |   0.000|
bus_data_out<14>|        10.254(R)|      SLOW  |         4.286(R)|      FAST  |clk_BUFGP         |   0.000|
bus_data_out<15>|        10.007(R)|      SLOW  |         4.181(R)|      FAST  |clk_BUFGP         |   0.000|
bus_data_out<16>|         9.727(R)|      SLOW  |         4.024(R)|      FAST  |clk_BUFGP         |   0.000|
bus_data_out<17>|         9.883(R)|      SLOW  |         4.033(R)|      FAST  |clk_BUFGP         |   0.000|
bus_data_out<18>|         9.677(R)|      SLOW  |         3.978(R)|      FAST  |clk_BUFGP         |   0.000|
bus_data_out<19>|         9.671(R)|      SLOW  |         3.976(R)|      FAST  |clk_BUFGP         |   0.000|
bus_data_out<20>|         9.509(R)|      SLOW  |         3.846(R)|      FAST  |clk_BUFGP         |   0.000|
bus_data_out<21>|         9.372(R)|      SLOW  |         3.842(R)|      FAST  |clk_BUFGP         |   0.000|
bus_data_out<22>|         9.532(R)|      SLOW  |         3.868(R)|      FAST  |clk_BUFGP         |   0.000|
bus_data_out<23>|         9.566(R)|      SLOW  |         3.893(R)|      FAST  |clk_BUFGP         |   0.000|
bus_data_out<24>|         9.347(R)|      SLOW  |         3.778(R)|      FAST  |clk_BUFGP         |   0.000|
bus_data_out<25>|         9.368(R)|      SLOW  |         3.771(R)|      FAST  |clk_BUFGP         |   0.000|
bus_data_out<26>|         9.641(R)|      SLOW  |         3.927(R)|      FAST  |clk_BUFGP         |   0.000|
bus_data_out<27>|         9.641(R)|      SLOW  |         3.927(R)|      FAST  |clk_BUFGP         |   0.000|
bus_data_out<28>|         9.515(R)|      SLOW  |         3.883(R)|      FAST  |clk_BUFGP         |   0.000|
bus_data_out<29>|         9.462(R)|      SLOW  |         3.849(R)|      FAST  |clk_BUFGP         |   0.000|
bus_data_out<30>|         9.164(R)|      SLOW  |         3.718(R)|      FAST  |clk_BUFGP         |   0.000|
bus_data_out<31>|         9.164(R)|      SLOW  |         3.718(R)|      FAST  |clk_BUFGP         |   0.000|
status<30>      |        10.076(R)|      SLOW  |         4.149(R)|      FAST  |clk_BUFGP         |   0.000|
status<31>      |        10.385(R)|      SLOW  |         4.288(R)|      FAST  |clk_BUFGP         |   0.000|
----------------+-----------------+------------+-----------------+------------+------------------+--------+

Clock to Setup on destination clock clk
---------------+---------+---------+---------+---------+
               | Src:Rise| Src:Fall| Src:Rise| Src:Fall|
Source Clock   |Dest:Rise|Dest:Rise|Dest:Fall|Dest:Fall|
---------------+---------+---------+---------+---------+
clk            |   12.567|    5.867|    4.702|         |
---------------+---------+---------+---------+---------+


Analysis completed Wed Oct 16 13:32:13 2013 
--------------------------------------------------------------------------------

Trace Settings:
-------------------------
Trace Settings 

Peak Memory Usage: 217 MB



