--------------------------------------------------------------------------------
Release 12.4 Trace  (nt64)
Copyright (c) 1995-2010 Xilinx, Inc.  All rights reserved.

C:\Xilinx\12.4\ISE_DS\ISE\bin\nt64\unwrapped\trce.exe -intstyle ise -v 3 -s 2
-n 3 -fastpaths -xml toplevel.twx toplevel.ncd -o toplevel.twr toplevel.pcf
-ucf toplevel.ucf

Design file:              toplevel.ncd
Physical constraint file: toplevel.pcf
Device,package,speed:     xc6slx16,csg324,C,-2 (PRODUCTION 1.15 2010-12-02)
Report level:             verbose report

Environment Variable      Effect 
--------------------      ------ 
NONE                      No environment variables were set
--------------------------------------------------------------------------------

INFO:Timing:2698 - No timing constraints found, doing default enumeration.
INFO:Timing:2752 - To get complete path coverage, use the unconstrained paths 
   option. All paths that are not constrained will be reported in the 
   unconstrained paths section(s) of the report.
INFO:Timing:3339 - The clock-to-out numbers in this timing report are based on 
   a 50 Ohm transmission line loading model.  For the details of this model, 
   and for more information on accounting for different loading conditions, 
   please see the device datasheet.



Data Sheet report:
-----------------
All values displayed in nanoseconds (ns)

Setup/Hold to clock clk
------------------+------------+------------+------------+------------+------------------+--------+
                  |Max Setup to|  Process   |Max Hold to |  Process   |                  | Clock  |
Source            | clk (edge) |   Corner   | clk (edge) |   Corner   |Internal Clock(s) | Phase  |
------------------+------------+------------+------------+------------+------------------+--------+
bus_address_in<24>|    2.892(R)|      SLOW  |   -0.879(R)|      FAST  |clk_BUFGP         |   0.000|
bus_address_in<25>|    2.397(R)|      SLOW  |   -0.663(R)|      FAST  |clk_BUFGP         |   0.000|
bus_address_in<26>|    2.897(R)|      SLOW  |   -0.868(R)|      FAST  |clk_BUFGP         |   0.000|
bus_address_in<27>|    2.515(R)|      SLOW  |   -0.759(R)|      FAST  |clk_BUFGP         |   0.000|
bus_address_in<28>|    3.714(R)|      SLOW  |   -0.716(R)|      FAST  |clk_BUFGP         |   0.000|
bus_address_in<29>|    3.165(R)|      SLOW  |   -0.634(R)|      FAST  |clk_BUFGP         |   0.000|
bus_address_in<30>|    4.056(R)|      SLOW  |   -1.137(R)|      FAST  |clk_BUFGP         |   0.000|
bus_address_in<31>|    2.988(R)|      SLOW  |   -0.584(R)|      FAST  |clk_BUFGP         |   0.000|
bus_data_in<0>    |    2.227(R)|      SLOW  |   -0.738(R)|      FAST  |clk_BUFGP         |   0.000|
bus_data_in<1>    |    2.546(R)|      SLOW  |   -0.910(R)|      FAST  |clk_BUFGP         |   0.000|
bus_data_in<2>    |    2.410(R)|      SLOW  |   -0.829(R)|      FAST  |clk_BUFGP         |   0.000|
bus_data_in<3>    |    2.438(R)|      SLOW  |   -1.062(R)|      FAST  |clk_BUFGP         |   0.000|
bus_data_in<4>    |    1.967(R)|      SLOW  |   -0.508(R)|      FAST  |clk_BUFGP         |   0.000|
bus_data_in<5>    |    1.794(R)|      SLOW  |   -0.519(R)|      FAST  |clk_BUFGP         |   0.000|
bus_data_in<6>    |    1.905(R)|      SLOW  |   -0.498(R)|      FAST  |clk_BUFGP         |   0.000|
bus_data_in<7>    |    1.293(R)|      SLOW  |   -0.271(R)|      FAST  |clk_BUFGP         |   0.000|
bus_data_in<8>    |    1.672(R)|      SLOW  |   -0.395(R)|      FAST  |clk_BUFGP         |   0.000|
bus_data_in<9>    |    1.509(R)|      SLOW  |   -0.358(R)|      FAST  |clk_BUFGP         |   0.000|
bus_data_in<10>   |    1.548(R)|      SLOW  |   -0.326(R)|      FAST  |clk_BUFGP         |   0.000|
bus_data_in<11>   |    1.025(R)|      SLOW  |   -0.011(R)|      SLOW  |clk_BUFGP         |   0.000|
bus_data_in<12>   |    1.338(R)|      SLOW  |   -0.239(R)|      FAST  |clk_BUFGP         |   0.000|
bus_data_in<13>   |    0.947(R)|      SLOW  |    0.012(R)|      SLOW  |clk_BUFGP         |   0.000|
bus_data_in<14>   |    1.419(R)|      SLOW  |   -0.285(R)|      FAST  |clk_BUFGP         |   0.000|
bus_data_in<15>   |    1.257(R)|      SLOW  |   -0.271(R)|      FAST  |clk_BUFGP         |   0.000|
bus_data_in<16>   |    1.475(R)|      SLOW  |   -0.251(R)|      SLOW  |clk_BUFGP         |   0.000|
bus_data_in<17>   |    1.281(R)|      SLOW  |   -0.067(R)|      SLOW  |clk_BUFGP         |   0.000|
bus_data_in<18>   |    1.550(R)|      SLOW  |   -0.322(R)|      SLOW  |clk_BUFGP         |   0.000|
bus_data_in<19>   |    1.411(R)|      SLOW  |   -0.191(R)|      SLOW  |clk_BUFGP         |   0.000|
bus_data_in<20>   |    1.165(R)|      SLOW  |   -0.180(R)|      FAST  |clk_BUFGP         |   0.000|
bus_data_in<21>   |    1.158(R)|      SLOW  |   -0.187(R)|      SLOW  |clk_BUFGP         |   0.000|
bus_data_in<22>   |    1.098(R)|      SLOW  |   -0.131(R)|      SLOW  |clk_BUFGP         |   0.000|
bus_data_in<23>   |    0.733(R)|      SLOW  |    0.213(R)|      SLOW  |clk_BUFGP         |   0.000|
bus_data_in<24>   |    1.620(R)|      SLOW  |   -0.366(R)|      FAST  |clk_BUFGP         |   0.000|
bus_data_in<25>   |    1.433(R)|      SLOW  |   -0.326(R)|      FAST  |clk_BUFGP         |   0.000|
bus_data_in<26>   |    1.265(R)|      SLOW  |   -0.268(R)|      FAST  |clk_BUFGP         |   0.000|
bus_data_in<27>   |    1.835(R)|      SLOW  |   -0.511(R)|      FAST  |clk_BUFGP         |   0.000|
bus_data_in<28>   |    1.366(R)|      SLOW  |   -0.320(R)|      FAST  |clk_BUFGP         |   0.000|
bus_data_in<29>   |    1.536(R)|      SLOW  |   -0.344(R)|      FAST  |clk_BUFGP         |   0.000|
bus_data_in<30>   |    1.784(R)|      SLOW  |   -0.640(R)|      FAST  |clk_BUFGP         |   0.000|
bus_data_in<31>   |    1.486(R)|      SLOW  |   -0.310(R)|      FAST  |clk_BUFGP         |   0.000|
command<0>        |    9.426(R)|      SLOW  |   -3.123(R)|      FAST  |clk_BUFGP         |   0.000|
command<1>        |    7.855(R)|      SLOW  |   -2.521(R)|      FAST  |clk_BUFGP         |   0.000|
command<2>        |   10.884(R)|      SLOW  |   -4.218(R)|      FAST  |clk_BUFGP         |   0.000|
command<3>        |    9.503(R)|      SLOW  |   -3.246(R)|      FAST  |clk_BUFGP         |   0.000|
command<4>        |    9.155(R)|      SLOW  |   -3.005(R)|      FAST  |clk_BUFGP         |   0.000|
command<5>        |    9.062(R)|      SLOW  |   -3.018(R)|      FAST  |clk_BUFGP         |   0.000|
command<6>        |    8.852(R)|      SLOW  |   -3.003(R)|      FAST  |clk_BUFGP         |   0.000|
command<7>        |    7.938(R)|      SLOW  |   -2.563(R)|      FAST  |clk_BUFGP         |   0.000|
command<8>        |    7.940(R)|      SLOW  |   -2.630(R)|      FAST  |clk_BUFGP         |   0.000|
command<9>        |    6.762(R)|      SLOW  |   -2.152(R)|      FAST  |clk_BUFGP         |   0.000|
command<10>       |   10.056(R)|      SLOW  |   -3.402(R)|      FAST  |clk_BUFGP         |   0.000|
command<11>       |    9.492(R)|      SLOW  |   -3.236(R)|      FAST  |clk_BUFGP         |   0.000|
command<12>       |    7.390(R)|      SLOW  |   -2.196(R)|      FAST  |clk_BUFGP         |   0.000|
command<13>       |    9.059(R)|      SLOW  |   -3.046(R)|      FAST  |clk_BUFGP         |   0.000|
command<14>       |   10.306(R)|      SLOW  |   -3.675(R)|      FAST  |clk_BUFGP         |   0.000|
command<15>       |    9.302(R)|      SLOW  |   -3.259(R)|      FAST  |clk_BUFGP         |   0.000|
command<16>       |    9.767(R)|      SLOW  |   -3.410(R)|      FAST  |clk_BUFGP         |   0.000|
command<17>       |    8.677(R)|      SLOW  |   -3.056(R)|      FAST  |clk_BUFGP         |   0.000|
command<18>       |    9.011(R)|      SLOW  |   -3.112(R)|      FAST  |clk_BUFGP         |   0.000|
command<19>       |    7.270(R)|      SLOW  |   -2.422(R)|      FAST  |clk_BUFGP         |   0.000|
command<20>       |    9.530(R)|      SLOW  |   -3.278(R)|      FAST  |clk_BUFGP         |   0.000|
command<21>       |    9.191(R)|      SLOW  |   -3.146(R)|      FAST  |clk_BUFGP         |   0.000|
command<22>       |    9.460(R)|      SLOW  |   -3.248(R)|      FAST  |clk_BUFGP         |   0.000|
command<23>       |    9.512(R)|      SLOW  |   -3.396(R)|      FAST  |clk_BUFGP         |   0.000|
command<24>       |   10.574(R)|      SLOW  |   -4.065(R)|      FAST  |clk_BUFGP         |   0.000|
command<25>       |    8.617(R)|      SLOW  |   -2.975(R)|      FAST  |clk_BUFGP         |   0.000|
command<26>       |    8.535(R)|      SLOW  |   -2.914(R)|      FAST  |clk_BUFGP         |   0.000|
command<27>       |    8.549(R)|      SLOW  |   -2.985(R)|      FAST  |clk_BUFGP         |   0.000|
command<28>       |    6.887(R)|      SLOW  |   -2.221(R)|      FAST  |clk_BUFGP         |   0.000|
command<29>       |    6.179(R)|      SLOW  |   -1.955(R)|      FAST  |clk_BUFGP         |   0.000|
command<30>       |    4.225(R)|      SLOW  |   -1.379(R)|      FAST  |clk_BUFGP         |   0.000|
command<31>       |    3.755(R)|      SLOW  |   -1.508(R)|      FAST  |clk_BUFGP         |   0.000|
reset             |    9.759(R)|      SLOW  |   -1.307(R)|      FAST  |clk_BUFGP         |   0.000|
------------------+------------+------------+------------+------------+------------------+--------+

Clock clk to Pad
----------------+-----------------+------------+-----------------+------------+------------------+--------+
                |Max (slowest) clk|  Process   |Min (fastest) clk|  Process   |                  | Clock  |
Destination     |  (edge) to PAD  |   Corner   |  (edge) to PAD  |   Corner   |Internal Clock(s) | Phase  |
----------------+-----------------+------------+-----------------+------------+------------------+--------+
bus_data_out<0> |         9.732(R)|      SLOW  |         3.977(R)|      FAST  |clk_BUFGP         |   0.000|
bus_data_out<1> |        10.040(R)|      SLOW  |         4.093(R)|      FAST  |clk_BUFGP         |   0.000|
bus_data_out<2> |         9.956(R)|      SLOW  |         4.062(R)|      FAST  |clk_BUFGP         |   0.000|
bus_data_out<3> |         9.938(R)|      SLOW  |         4.055(R)|      FAST  |clk_BUFGP         |   0.000|
bus_data_out<4> |        10.086(R)|      SLOW  |         4.156(R)|      FAST  |clk_BUFGP         |   0.000|
bus_data_out<5> |        10.086(R)|      SLOW  |         4.156(R)|      FAST  |clk_BUFGP         |   0.000|
bus_data_out<6> |        10.489(R)|      SLOW  |         4.437(R)|      FAST  |clk_BUFGP         |   0.000|
bus_data_out<7> |        10.467(R)|      SLOW  |         4.455(R)|      FAST  |clk_BUFGP         |   0.000|
bus_data_out<8> |        10.620(R)|      SLOW  |         4.476(R)|      FAST  |clk_BUFGP         |   0.000|
bus_data_out<9> |        10.620(R)|      SLOW  |         4.476(R)|      FAST  |clk_BUFGP         |   0.000|
bus_data_out<10>|        10.254(R)|      SLOW  |         4.289(R)|      FAST  |clk_BUFGP         |   0.000|
bus_data_out<11>|        10.275(R)|      SLOW  |         4.286(R)|      FAST  |clk_BUFGP         |   0.000|
bus_data_out<12>|        10.220(R)|      SLOW  |         4.301(R)|      FAST  |clk_BUFGP         |   0.000|
bus_data_out<13>|        10.220(R)|      SLOW  |         4.301(R)|      FAST  |clk_BUFGP         |   0.000|
bus_data_out<14>|         9.728(R)|      SLOW  |         3.979(R)|      FAST  |clk_BUFGP         |   0.000|
bus_data_out<15>|         9.728(R)|      SLOW  |         3.979(R)|      FAST  |clk_BUFGP         |   0.000|
bus_data_out<16>|         9.774(R)|      SLOW  |         4.043(R)|      FAST  |clk_BUFGP         |   0.000|
bus_data_out<17>|         9.929(R)|      SLOW  |         4.051(R)|      FAST  |clk_BUFGP         |   0.000|
bus_data_out<18>|         9.717(R)|      SLOW  |         3.994(R)|      FAST  |clk_BUFGP         |   0.000|
bus_data_out<19>|         9.717(R)|      SLOW  |         3.994(R)|      FAST  |clk_BUFGP         |   0.000|
bus_data_out<20>|         9.367(R)|      SLOW  |         3.841(R)|      FAST  |clk_BUFGP         |   0.000|
bus_data_out<21>|         9.517(R)|      SLOW  |         3.844(R)|      FAST  |clk_BUFGP         |   0.000|
bus_data_out<22>|         9.311(R)|      SLOW  |         3.789(R)|      FAST  |clk_BUFGP         |   0.000|
bus_data_out<23>|         9.299(R)|      SLOW  |         3.784(R)|      FAST  |clk_BUFGP         |   0.000|
bus_data_out<24>|         9.590(R)|      SLOW  |         3.884(R)|      FAST  |clk_BUFGP         |   0.000|
bus_data_out<25>|         9.537(R)|      SLOW  |         3.850(R)|      FAST  |clk_BUFGP         |   0.000|
bus_data_out<26>|         9.702(R)|      SLOW  |         3.965(R)|      FAST  |clk_BUFGP         |   0.000|
bus_data_out<27>|         9.702(R)|      SLOW  |         3.965(R)|      FAST  |clk_BUFGP         |   0.000|
bus_data_out<28>|         9.417(R)|      SLOW  |         3.823(R)|      FAST  |clk_BUFGP         |   0.000|
bus_data_out<29>|         9.399(R)|      SLOW  |         3.816(R)|      FAST  |clk_BUFGP         |   0.000|
bus_data_out<30>|         9.382(R)|      SLOW  |         3.816(R)|      FAST  |clk_BUFGP         |   0.000|
bus_data_out<31>|         9.158(R)|      SLOW  |         3.731(R)|      FAST  |clk_BUFGP         |   0.000|
status<30>      |         9.729(R)|      SLOW  |         3.974(R)|      FAST  |clk_BUFGP         |   0.000|
status<31>      |         9.826(R)|      SLOW  |         4.003(R)|      FAST  |clk_BUFGP         |   0.000|
----------------+-----------------+------------+-----------------+------------+------------------+--------+

Clock to Setup on destination clock clk
---------------+---------+---------+---------+---------+
               | Src:Rise| Src:Fall| Src:Rise| Src:Fall|
Source Clock   |Dest:Rise|Dest:Rise|Dest:Fall|Dest:Fall|
---------------+---------+---------+---------+---------+
clk            |   16.137|    9.539|    4.862|         |
---------------+---------+---------+---------+---------+


Analysis completed Mon Oct 28 16:12:16 2013 
--------------------------------------------------------------------------------

Trace Settings:
-------------------------
Trace Settings 

Peak Memory Usage: 225 MB



