--------------------------------------------------------------------------------
Release 12.4 Trace  (nt64)
Copyright (c) 1995-2010 Xilinx, Inc.  All rights reserved.

C:\Xilinx\12.4\ISE_DS\ISE\bin\nt64\unwrapped\trce.exe -intstyle ise -v 3 -s 2
-n 3 -fastpaths -xml toplevel.twx toplevel.ncd -o toplevel.twr toplevel.pcf
-ucf toplevel.ucf

Design file:              toplevel.ncd
Physical constraint file: toplevel.pcf
Device,package,speed:     xc6slx16,csg324,C,-2 (PRODUCTION 1.15 2010-12-02)
Report level:             verbose report

Environment Variable      Effect 
--------------------      ------ 
NONE                      No environment variables were set
--------------------------------------------------------------------------------

INFO:Timing:2698 - No timing constraints found, doing default enumeration.
INFO:Timing:2752 - To get complete path coverage, use the unconstrained paths 
   option. All paths that are not constrained will be reported in the 
   unconstrained paths section(s) of the report.
INFO:Timing:3339 - The clock-to-out numbers in this timing report are based on 
   a 50 Ohm transmission line loading model.  For the details of this model, 
   and for more information on accounting for different loading conditions, 
   please see the device datasheet.



Data Sheet report:
-----------------
All values displayed in nanoseconds (ns)

Setup/Hold to clock clk
------------------+------------+------------+------------+------------+------------------+--------+
                  |Max Setup to|  Process   |Max Hold to |  Process   |                  | Clock  |
Source            | clk (edge) |   Corner   | clk (edge) |   Corner   |Internal Clock(s) | Phase  |
------------------+------------+------------+------------+------------+------------------+--------+
bus_address_in<24>|    4.985(R)|      SLOW  |   -1.910(R)|      FAST  |clk_BUFGP         |   0.000|
bus_address_in<25>|    5.743(R)|      SLOW  |   -2.049(R)|      FAST  |clk_BUFGP         |   0.000|
bus_address_in<26>|    5.690(R)|      SLOW  |   -2.024(R)|      FAST  |clk_BUFGP         |   0.000|
bus_address_in<27>|    4.947(R)|      SLOW  |   -2.074(R)|      FAST  |clk_BUFGP         |   0.000|
bus_address_in<28>|    5.862(R)|      SLOW  |   -2.664(R)|      FAST  |clk_BUFGP         |   0.000|
bus_address_in<29>|    4.988(R)|      SLOW  |   -2.036(R)|      FAST  |clk_BUFGP         |   0.000|
bus_address_in<30>|    5.393(R)|      SLOW  |   -2.123(R)|      FAST  |clk_BUFGP         |   0.000|
bus_address_in<31>|    5.136(R)|      SLOW  |   -2.089(R)|      FAST  |clk_BUFGP         |   0.000|
bus_data_in<0>    |    3.597(R)|      SLOW  |   -1.300(R)|      FAST  |clk_BUFGP         |   0.000|
bus_data_in<1>    |    3.750(R)|      SLOW  |   -1.311(R)|      FAST  |clk_BUFGP         |   0.000|
bus_data_in<2>    |    3.521(R)|      SLOW  |   -1.219(R)|      FAST  |clk_BUFGP         |   0.000|
bus_data_in<3>    |    3.500(R)|      SLOW  |   -1.188(R)|      FAST  |clk_BUFGP         |   0.000|
bus_data_in<4>    |    3.675(R)|      SLOW  |   -1.358(R)|      FAST  |clk_BUFGP         |   0.000|
bus_data_in<5>    |    3.624(R)|      SLOW  |   -1.250(R)|      FAST  |clk_BUFGP         |   0.000|
bus_data_in<6>    |    3.128(R)|      SLOW  |   -1.053(R)|      FAST  |clk_BUFGP         |   0.000|
bus_data_in<7>    |    3.149(R)|      SLOW  |   -1.028(R)|      FAST  |clk_BUFGP         |   0.000|
bus_data_in<8>    |    3.682(R)|      SLOW  |   -1.365(R)|      FAST  |clk_BUFGP         |   0.000|
bus_data_in<9>    |    3.449(R)|      SLOW  |   -1.197(R)|      FAST  |clk_BUFGP         |   0.000|
bus_data_in<10>   |    3.113(R)|      SLOW  |   -1.031(R)|      FAST  |clk_BUFGP         |   0.000|
bus_data_in<11>   |    3.156(R)|      SLOW  |   -1.035(R)|      FAST  |clk_BUFGP         |   0.000|
bus_data_in<12>   |    3.741(R)|      SLOW  |   -1.328(R)|      FAST  |clk_BUFGP         |   0.000|
bus_data_in<13>   |    3.921(R)|      SLOW  |   -1.353(R)|      FAST  |clk_BUFGP         |   0.000|
bus_data_in<14>   |    3.443(R)|      SLOW  |   -1.144(R)|      FAST  |clk_BUFGP         |   0.000|
bus_data_in<15>   |    3.260(R)|      SLOW  |   -1.030(R)|      FAST  |clk_BUFGP         |   0.000|
bus_data_in<16>   |    3.918(R)|      SLOW  |   -1.513(R)|      FAST  |clk_BUFGP         |   0.000|
bus_data_in<17>   |    3.749(R)|      SLOW  |   -1.358(R)|      FAST  |clk_BUFGP         |   0.000|
bus_data_in<18>   |    3.722(R)|      SLOW  |   -1.353(R)|      FAST  |clk_BUFGP         |   0.000|
bus_data_in<19>   |    4.008(R)|      SLOW  |   -1.481(R)|      FAST  |clk_BUFGP         |   0.000|
bus_data_in<20>   |    3.590(R)|      SLOW  |   -1.294(R)|      FAST  |clk_BUFGP         |   0.000|
bus_data_in<21>   |    3.642(R)|      SLOW  |   -1.318(R)|      FAST  |clk_BUFGP         |   0.000|
bus_data_in<22>   |    4.070(R)|      SLOW  |   -1.510(R)|      FAST  |clk_BUFGP         |   0.000|
bus_data_in<23>   |    4.502(R)|      SLOW  |   -1.688(R)|      FAST  |clk_BUFGP         |   0.000|
bus_data_in<24>   |    3.579(R)|      SLOW  |   -1.283(R)|      FAST  |clk_BUFGP         |   0.000|
bus_data_in<25>   |    3.776(R)|      SLOW  |   -1.337(R)|      FAST  |clk_BUFGP         |   0.000|
bus_data_in<26>   |    3.964(R)|      SLOW  |   -1.460(R)|      FAST  |clk_BUFGP         |   0.000|
bus_data_in<27>   |    4.606(R)|      SLOW  |   -1.726(R)|      FAST  |clk_BUFGP         |   0.000|
bus_data_in<28>   |    3.932(R)|      SLOW  |   -1.406(R)|      FAST  |clk_BUFGP         |   0.000|
bus_data_in<29>   |    4.957(R)|      SLOW  |   -1.993(R)|      FAST  |clk_BUFGP         |   0.000|
bus_data_in<30>   |    4.501(R)|      SLOW  |   -1.760(R)|      FAST  |clk_BUFGP         |   0.000|
bus_data_in<31>   |    5.211(R)|      SLOW  |   -2.079(R)|      FAST  |clk_BUFGP         |   0.000|
bus_data_in<32>   |    4.248(R)|      SLOW  |   -1.671(R)|      FAST  |clk_BUFGP         |   0.000|
bus_data_in<33>   |    3.836(R)|      SLOW  |   -1.438(R)|      FAST  |clk_BUFGP         |   0.000|
bus_data_in<34>   |    3.956(R)|      SLOW  |   -1.572(R)|      FAST  |clk_BUFGP         |   0.000|
bus_data_in<35>   |    3.724(R)|      SLOW  |   -1.401(R)|      FAST  |clk_BUFGP         |   0.000|
bus_data_in<36>   |    4.986(R)|      SLOW  |   -2.068(R)|      FAST  |clk_BUFGP         |   0.000|
bus_data_in<37>   |    5.535(R)|      SLOW  |   -2.411(R)|      FAST  |clk_BUFGP         |   0.000|
bus_data_in<38>   |    4.966(R)|      SLOW  |   -2.001(R)|      FAST  |clk_BUFGP         |   0.000|
bus_data_in<39>   |    5.501(R)|      SLOW  |   -2.323(R)|      FAST  |clk_BUFGP         |   0.000|
bus_data_in<40>   |    5.454(R)|      SLOW  |   -2.231(R)|      FAST  |clk_BUFGP         |   0.000|
bus_data_in<41>   |    5.265(R)|      SLOW  |   -2.107(R)|      FAST  |clk_BUFGP         |   0.000|
bus_data_in<42>   |    5.354(R)|      SLOW  |   -2.309(R)|      FAST  |clk_BUFGP         |   0.000|
bus_data_in<43>   |    4.852(R)|      SLOW  |   -1.845(R)|      FAST  |clk_BUFGP         |   0.000|
bus_data_in<44>   |    3.881(R)|      SLOW  |   -1.494(R)|      FAST  |clk_BUFGP         |   0.000|
bus_data_in<45>   |    4.112(R)|      SLOW  |   -1.561(R)|      FAST  |clk_BUFGP         |   0.000|
bus_data_in<46>   |    4.120(R)|      SLOW  |   -1.593(R)|      FAST  |clk_BUFGP         |   0.000|
bus_data_in<47>   |    4.135(R)|      SLOW  |   -1.546(R)|      FAST  |clk_BUFGP         |   0.000|
bus_data_in<48>   |    4.346(R)|      SLOW  |   -1.843(R)|      FAST  |clk_BUFGP         |   0.000|
bus_data_in<49>   |    4.528(R)|      SLOW  |   -1.808(R)|      FAST  |clk_BUFGP         |   0.000|
bus_data_in<50>   |    4.458(R)|      SLOW  |   -1.813(R)|      FAST  |clk_BUFGP         |   0.000|
bus_data_in<51>   |    4.616(R)|      SLOW  |   -1.856(R)|      FAST  |clk_BUFGP         |   0.000|
bus_data_in<52>   |    5.164(R)|      SLOW  |   -2.197(R)|      FAST  |clk_BUFGP         |   0.000|
bus_data_in<53>   |    5.351(R)|      SLOW  |   -2.211(R)|      FAST  |clk_BUFGP         |   0.000|
bus_data_in<54>   |    4.846(R)|      SLOW  |   -1.984(R)|      FAST  |clk_BUFGP         |   0.000|
bus_data_in<55>   |    5.012(R)|      SLOW  |   -2.009(R)|      FAST  |clk_BUFGP         |   0.000|
bus_data_in<56>   |    5.458(R)|      SLOW  |   -2.340(R)|      FAST  |clk_BUFGP         |   0.000|
bus_data_in<57>   |    5.452(R)|      SLOW  |   -2.282(R)|      FAST  |clk_BUFGP         |   0.000|
bus_data_in<58>   |    5.274(R)|      SLOW  |   -2.201(R)|      FAST  |clk_BUFGP         |   0.000|
bus_data_in<59>   |    5.109(R)|      SLOW  |   -2.079(R)|      FAST  |clk_BUFGP         |   0.000|
bus_data_in<60>   |    5.560(R)|      SLOW  |   -2.508(R)|      FAST  |clk_BUFGP         |   0.000|
bus_data_in<61>   |    4.749(R)|      SLOW  |   -1.958(R)|      FAST  |clk_BUFGP         |   0.000|
bus_data_in<62>   |    4.999(R)|      SLOW  |   -2.082(R)|      FAST  |clk_BUFGP         |   0.000|
bus_data_in<63>   |    5.040(R)|      SLOW  |   -2.117(R)|      FAST  |clk_BUFGP         |   0.000|
command<0>        |    7.521(R)|      SLOW  |   -2.411(R)|      FAST  |clk_BUFGP         |   0.000|
command<1>        |    6.026(R)|      SLOW  |   -1.809(R)|      FAST  |clk_BUFGP         |   0.000|
command<2>        |    7.474(R)|      SLOW  |   -2.360(R)|      FAST  |clk_BUFGP         |   0.000|
command<3>        |    7.246(R)|      SLOW  |   -2.321(R)|      FAST  |clk_BUFGP         |   0.000|
command<4>        |    7.520(R)|      SLOW  |   -2.487(R)|      FAST  |clk_BUFGP         |   0.000|
command<5>        |    8.003(R)|      SLOW  |   -2.679(R)|      FAST  |clk_BUFGP         |   0.000|
command<6>        |    7.320(R)|      SLOW  |   -2.320(R)|      FAST  |clk_BUFGP         |   0.000|
command<7>        |    7.693(R)|      SLOW  |   -2.530(R)|      FAST  |clk_BUFGP         |   0.000|
command<8>        |    5.591(R)|      SLOW  |   -1.704(R)|      FAST  |clk_BUFGP         |   0.000|
command<9>        |    6.045(R)|      SLOW  |   -1.860(R)|      FAST  |clk_BUFGP         |   0.000|
command<10>       |    7.002(R)|      SLOW  |   -2.227(R)|      FAST  |clk_BUFGP         |   0.000|
command<11>       |    7.263(R)|      SLOW  |   -2.280(R)|      FAST  |clk_BUFGP         |   0.000|
command<12>       |    6.398(R)|      SLOW  |   -2.003(R)|      FAST  |clk_BUFGP         |   0.000|
command<13>       |    7.074(R)|      SLOW  |   -2.198(R)|      FAST  |clk_BUFGP         |   0.000|
command<14>       |    6.862(R)|      SLOW  |   -2.153(R)|      FAST  |clk_BUFGP         |   0.000|
command<15>       |    7.541(R)|      SLOW  |   -2.439(R)|      FAST  |clk_BUFGP         |   0.000|
command<16>       |    7.141(R)|      SLOW  |   -2.314(R)|      FAST  |clk_BUFGP         |   0.000|
command<17>       |    6.707(R)|      SLOW  |   -2.081(R)|      FAST  |clk_BUFGP         |   0.000|
command<18>       |    6.821(R)|      SLOW  |   -2.170(R)|      FAST  |clk_BUFGP         |   0.000|
command<19>       |    6.672(R)|      SLOW  |   -2.149(R)|      FAST  |clk_BUFGP         |   0.000|
command<20>       |    7.776(R)|      SLOW  |   -2.569(R)|      FAST  |clk_BUFGP         |   0.000|
command<21>       |    8.005(R)|      SLOW  |   -2.647(R)|      FAST  |clk_BUFGP         |   0.000|
command<22>       |    7.661(R)|      SLOW  |   -2.525(R)|      FAST  |clk_BUFGP         |   0.000|
command<23>       |    7.912(R)|      SLOW  |   -2.582(R)|      FAST  |clk_BUFGP         |   0.000|
command<24>       |    8.196(R)|      SLOW  |   -2.794(R)|      FAST  |clk_BUFGP         |   0.000|
command<25>       |    8.512(R)|      SLOW  |   -2.868(R)|      FAST  |clk_BUFGP         |   0.000|
command<26>       |    7.824(R)|      SLOW  |   -2.637(R)|      FAST  |clk_BUFGP         |   0.000|
command<27>       |    8.487(R)|      SLOW  |   -2.885(R)|      FAST  |clk_BUFGP         |   0.000|
command<28>       |    6.966(R)|      SLOW  |   -2.319(R)|      FAST  |clk_BUFGP         |   0.000|
command<29>       |    4.517(R)|      SLOW  |   -1.180(R)|      FAST  |clk_BUFGP         |   0.000|
command<30>       |    3.652(R)|      SLOW  |   -0.796(R)|      FAST  |clk_BUFGP         |   0.000|
command<31>       |    3.346(R)|      SLOW  |   -1.106(R)|      FAST  |clk_BUFGP         |   0.000|
reset             |    9.257(R)|      SLOW  |   -1.051(R)|      FAST  |clk_BUFGP         |   0.000|
------------------+------------+------------+------------+------------+------------------+--------+

Clock clk to Pad
----------------+-----------------+------------+-----------------+------------+------------------+--------+
                |Max (slowest) clk|  Process   |Min (fastest) clk|  Process   |                  | Clock  |
Destination     |  (edge) to PAD  |   Corner   |  (edge) to PAD  |   Corner   |Internal Clock(s) | Phase  |
----------------+-----------------+------------+-----------------+------------+------------------+--------+
bus_data_out<0> |        10.100(R)|      SLOW  |         4.159(R)|      FAST  |clk_BUFGP         |   0.000|
bus_data_out<1> |        10.182(R)|      SLOW  |         4.194(R)|      FAST  |clk_BUFGP         |   0.000|
bus_data_out<2> |         9.984(R)|      SLOW  |         4.073(R)|      FAST  |clk_BUFGP         |   0.000|
bus_data_out<3> |        10.184(R)|      SLOW  |         4.207(R)|      FAST  |clk_BUFGP         |   0.000|
bus_data_out<4> |        10.397(R)|      SLOW  |         4.263(R)|      FAST  |clk_BUFGP         |   0.000|
bus_data_out<5> |        10.369(R)|      SLOW  |         4.291(R)|      FAST  |clk_BUFGP         |   0.000|
bus_data_out<6> |        10.360(R)|      SLOW  |         4.264(R)|      FAST  |clk_BUFGP         |   0.000|
bus_data_out<7> |        10.370(R)|      SLOW  |         4.303(R)|      FAST  |clk_BUFGP         |   0.000|
bus_data_out<8> |        10.595(R)|      SLOW  |         4.354(R)|      FAST  |clk_BUFGP         |   0.000|
bus_data_out<9> |        10.100(R)|      SLOW  |         4.150(R)|      FAST  |clk_BUFGP         |   0.000|
bus_data_out<10>|        10.198(R)|      SLOW  |         4.181(R)|      FAST  |clk_BUFGP         |   0.000|
bus_data_out<11>|        10.466(R)|      SLOW  |         4.335(R)|      FAST  |clk_BUFGP         |   0.000|
bus_data_out<12>|        10.565(R)|      SLOW  |         4.435(R)|      FAST  |clk_BUFGP         |   0.000|
bus_data_out<13>|        10.774(R)|      SLOW  |         4.565(R)|      FAST  |clk_BUFGP         |   0.000|
bus_data_out<14>|        10.848(R)|      SLOW  |         4.580(R)|      FAST  |clk_BUFGP         |   0.000|
bus_data_out<15>|        10.822(R)|      SLOW  |         4.540(R)|      FAST  |clk_BUFGP         |   0.000|
bus_data_out<16>|        10.732(R)|      SLOW  |         4.481(R)|      FAST  |clk_BUFGP         |   0.000|
bus_data_out<17>|        10.871(R)|      SLOW  |         4.567(R)|      FAST  |clk_BUFGP         |   0.000|
bus_data_out<18>|        10.169(R)|      SLOW  |         4.275(R)|      FAST  |clk_BUFGP         |   0.000|
bus_data_out<19>|        10.156(R)|      SLOW  |         4.183(R)|      FAST  |clk_BUFGP         |   0.000|
bus_data_out<20>|         9.945(R)|      SLOW  |         4.086(R)|      FAST  |clk_BUFGP         |   0.000|
bus_data_out<21>|         9.872(R)|      SLOW  |         4.084(R)|      FAST  |clk_BUFGP         |   0.000|
bus_data_out<22>|         9.923(R)|      SLOW  |         4.049(R)|      FAST  |clk_BUFGP         |   0.000|
bus_data_out<23>|        10.097(R)|      SLOW  |         4.145(R)|      FAST  |clk_BUFGP         |   0.000|
bus_data_out<24>|        10.112(R)|      SLOW  |         4.167(R)|      FAST  |clk_BUFGP         |   0.000|
bus_data_out<25>|         9.582(R)|      SLOW  |         3.936(R)|      FAST  |clk_BUFGP         |   0.000|
bus_data_out<26>|         9.960(R)|      SLOW  |         4.068(R)|      FAST  |clk_BUFGP         |   0.000|
bus_data_out<27>|         9.602(R)|      SLOW  |         3.905(R)|      FAST  |clk_BUFGP         |   0.000|
bus_data_out<28>|         9.414(R)|      SLOW  |         3.832(R)|      FAST  |clk_BUFGP         |   0.000|
bus_data_out<29>|         9.271(R)|      SLOW  |         3.736(R)|      FAST  |clk_BUFGP         |   0.000|
bus_data_out<30>|         9.536(R)|      SLOW  |         3.855(R)|      FAST  |clk_BUFGP         |   0.000|
bus_data_out<31>|         9.454(R)|      SLOW  |         3.902(R)|      FAST  |clk_BUFGP         |   0.000|
bus_data_out<32>|         9.762(R)|      SLOW  |         4.039(R)|      FAST  |clk_BUFGP         |   0.000|
bus_data_out<33>|         9.971(R)|      SLOW  |         4.081(R)|      FAST  |clk_BUFGP         |   0.000|
bus_data_out<34>|         9.956(R)|      SLOW  |         4.075(R)|      FAST  |clk_BUFGP         |   0.000|
bus_data_out<35>|         9.969(R)|      SLOW  |         4.100(R)|      FAST  |clk_BUFGP         |   0.000|
bus_data_out<36>|         9.716(R)|      SLOW  |         4.045(R)|      FAST  |clk_BUFGP         |   0.000|
bus_data_out<37>|         9.701(R)|      SLOW  |         3.930(R)|      FAST  |clk_BUFGP         |   0.000|
bus_data_out<38>|         9.608(R)|      SLOW  |         3.925(R)|      FAST  |clk_BUFGP         |   0.000|
bus_data_out<39>|         9.490(R)|      SLOW  |         3.917(R)|      FAST  |clk_BUFGP         |   0.000|
bus_data_out<40>|         9.368(R)|      SLOW  |         3.802(R)|      FAST  |clk_BUFGP         |   0.000|
bus_data_out<41>|         9.254(R)|      SLOW  |         3.642(R)|      FAST  |clk_BUFGP         |   0.000|
bus_data_out<42>|         9.278(R)|      SLOW  |         3.727(R)|      FAST  |clk_BUFGP         |   0.000|
bus_data_out<43>|         9.261(R)|      SLOW  |         3.686(R)|      FAST  |clk_BUFGP         |   0.000|
bus_data_out<44>|         9.713(R)|      SLOW  |         3.866(R)|      FAST  |clk_BUFGP         |   0.000|
bus_data_out<45>|         9.383(R)|      SLOW  |         3.705(R)|      FAST  |clk_BUFGP         |   0.000|
bus_data_out<46>|         9.189(R)|      SLOW  |         3.614(R)|      FAST  |clk_BUFGP         |   0.000|
bus_data_out<47>|         9.131(R)|      SLOW  |         3.619(R)|      FAST  |clk_BUFGP         |   0.000|
bus_data_out<48>|         9.443(R)|      SLOW  |         3.747(R)|      FAST  |clk_BUFGP         |   0.000|
bus_data_out<49>|         9.519(R)|      SLOW  |         3.812(R)|      FAST  |clk_BUFGP         |   0.000|
bus_data_out<50>|         9.543(R)|      SLOW  |         3.829(R)|      FAST  |clk_BUFGP         |   0.000|
bus_data_out<51>|         9.483(R)|      SLOW  |         3.777(R)|      FAST  |clk_BUFGP         |   0.000|
bus_data_out<52>|         9.173(R)|      SLOW  |         3.611(R)|      FAST  |clk_BUFGP         |   0.000|
bus_data_out<53>|         8.875(R)|      SLOW  |         3.511(R)|      FAST  |clk_BUFGP         |   0.000|
bus_data_out<54>|         8.875(R)|      SLOW  |         3.511(R)|      FAST  |clk_BUFGP         |   0.000|
bus_data_out<55>|         9.136(R)|      SLOW  |         3.594(R)|      FAST  |clk_BUFGP         |   0.000|
bus_data_out<56>|         8.750(R)|      SLOW  |         3.422(R)|      FAST  |clk_BUFGP         |   0.000|
bus_data_out<57>|         9.285(R)|      SLOW  |         3.682(R)|      FAST  |clk_BUFGP         |   0.000|
bus_data_out<58>|         9.087(R)|      SLOW  |         3.591(R)|      FAST  |clk_BUFGP         |   0.000|
bus_data_out<59>|         8.931(R)|      SLOW  |         3.536(R)|      FAST  |clk_BUFGP         |   0.000|
bus_data_out<60>|         9.532(R)|      SLOW  |         3.787(R)|      FAST  |clk_BUFGP         |   0.000|
bus_data_out<61>|         9.443(R)|      SLOW  |         3.792(R)|      FAST  |clk_BUFGP         |   0.000|
bus_data_out<62>|         9.339(R)|      SLOW  |         3.748(R)|      FAST  |clk_BUFGP         |   0.000|
bus_data_out<63>|         9.379(R)|      SLOW  |         3.767(R)|      FAST  |clk_BUFGP         |   0.000|
status<30>      |         9.775(R)|      SLOW  |         3.982(R)|      FAST  |clk_BUFGP         |   0.000|
status<31>      |        10.548(R)|      SLOW  |         4.369(R)|      FAST  |clk_BUFGP         |   0.000|
----------------+-----------------+------------+-----------------+------------+------------------+--------+

Clock to Setup on destination clock clk
---------------+---------+---------+---------+---------+
               | Src:Rise| Src:Fall| Src:Rise| Src:Fall|
Source Clock   |Dest:Rise|Dest:Rise|Dest:Fall|Dest:Fall|
---------------+---------+---------+---------+---------+
clk            |   18.233|   11.975|    4.890|         |
---------------+---------+---------+---------+---------+


Analysis completed Tue Oct 29 22:35:48 2013 
--------------------------------------------------------------------------------

Trace Settings:
-------------------------
Trace Settings 

Peak Memory Usage: 227 MB



