--------------------------------------------------------------------------------
Release 12.4 Trace  (nt64)
Copyright (c) 1995-2010 Xilinx, Inc.  All rights reserved.

C:\Xilinx\12.4\ISE_DS\ISE\bin\nt64\unwrapped\trce.exe -intstyle ise -v 3 -s 2
-n 3 -fastpaths -xml toplevel.twx toplevel.ncd -o toplevel.twr toplevel.pcf
-ucf toplevel.ucf

Design file:              toplevel.ncd
Physical constraint file: toplevel.pcf
Device,package,speed:     xc6slx16,csg324,C,-2 (PRODUCTION 1.15 2010-12-02)
Report level:             verbose report

Environment Variable      Effect 
--------------------      ------ 
NONE                      No environment variables were set
--------------------------------------------------------------------------------

INFO:Timing:2698 - No timing constraints found, doing default enumeration.
INFO:Timing:2752 - To get complete path coverage, use the unconstrained paths 
   option. All paths that are not constrained will be reported in the 
   unconstrained paths section(s) of the report.
INFO:Timing:3339 - The clock-to-out numbers in this timing report are based on 
   a 50 Ohm transmission line loading model.  For the details of this model, 
   and for more information on accounting for different loading conditions, 
   please see the device datasheet.



Data Sheet report:
-----------------
All values displayed in nanoseconds (ns)

Setup/Hold to clock clk
------------------+------------+------------+------------+------------+------------------+--------+
                  |Max Setup to|  Process   |Max Hold to |  Process   |                  | Clock  |
Source            | clk (edge) |   Corner   | clk (edge) |   Corner   |Internal Clock(s) | Phase  |
------------------+------------+------------+------------+------------+------------------+--------+
bus_address_in<24>|    3.482(R)|      SLOW  |   -1.106(R)|      FAST  |clk_BUFGP         |   0.000|
bus_address_in<25>|    3.004(R)|      SLOW  |   -1.012(R)|      FAST  |clk_BUFGP         |   0.000|
bus_address_in<26>|    3.719(R)|      SLOW  |   -1.339(R)|      FAST  |clk_BUFGP         |   0.000|
bus_address_in<27>|    3.230(R)|      SLOW  |   -1.039(R)|      FAST  |clk_BUFGP         |   0.000|
bus_address_in<28>|    2.671(R)|      SLOW  |   -1.023(R)|      FAST  |clk_BUFGP         |   0.000|
bus_address_in<29>|    2.839(R)|      SLOW  |   -0.843(R)|      FAST  |clk_BUFGP         |   0.000|
bus_address_in<30>|    3.423(R)|      SLOW  |   -1.170(R)|      FAST  |clk_BUFGP         |   0.000|
bus_address_in<31>|    3.292(R)|      SLOW  |   -1.106(R)|      FAST  |clk_BUFGP         |   0.000|
bus_data_in<0>    |    4.641(R)|      SLOW  |   -1.654(R)|      FAST  |clk_BUFGP         |   0.000|
bus_data_in<1>    |    4.916(R)|      SLOW  |   -1.765(R)|      FAST  |clk_BUFGP         |   0.000|
bus_data_in<2>    |    5.100(R)|      SLOW  |   -1.959(R)|      FAST  |clk_BUFGP         |   0.000|
bus_data_in<3>    |    5.258(R)|      SLOW  |   -1.993(R)|      FAST  |clk_BUFGP         |   0.000|
bus_data_in<4>    |    4.839(R)|      SLOW  |   -1.863(R)|      FAST  |clk_BUFGP         |   0.000|
bus_data_in<5>    |    4.867(R)|      SLOW  |   -1.881(R)|      FAST  |clk_BUFGP         |   0.000|
bus_data_in<6>    |    5.064(R)|      SLOW  |   -1.938(R)|      FAST  |clk_BUFGP         |   0.000|
bus_data_in<7>    |    4.917(R)|      SLOW  |   -1.893(R)|      FAST  |clk_BUFGP         |   0.000|
bus_data_in<8>    |    4.331(R)|      SLOW  |   -1.631(R)|      FAST  |clk_BUFGP         |   0.000|
bus_data_in<9>    |    4.364(R)|      SLOW  |   -1.651(R)|      FAST  |clk_BUFGP         |   0.000|
bus_data_in<10>   |    4.303(R)|      SLOW  |   -1.621(R)|      FAST  |clk_BUFGP         |   0.000|
bus_data_in<11>   |    4.095(R)|      SLOW  |   -1.506(R)|      FAST  |clk_BUFGP         |   0.000|
bus_data_in<12>   |    4.138(R)|      SLOW  |   -1.568(R)|      FAST  |clk_BUFGP         |   0.000|
bus_data_in<13>   |    4.394(R)|      SLOW  |   -1.635(R)|      FAST  |clk_BUFGP         |   0.000|
bus_data_in<14>   |    3.704(R)|      SLOW  |   -1.307(R)|      FAST  |clk_BUFGP         |   0.000|
bus_data_in<15>   |    3.764(R)|      SLOW  |   -1.337(R)|      FAST  |clk_BUFGP         |   0.000|
bus_data_in<16>   |    3.772(R)|      SLOW  |   -1.324(R)|      FAST  |clk_BUFGP         |   0.000|
bus_data_in<17>   |    4.383(R)|      SLOW  |   -1.638(R)|      FAST  |clk_BUFGP         |   0.000|
bus_data_in<18>   |    3.950(R)|      SLOW  |   -1.390(R)|      FAST  |clk_BUFGP         |   0.000|
bus_data_in<19>   |    4.034(R)|      SLOW  |   -1.387(R)|      FAST  |clk_BUFGP         |   0.000|
bus_data_in<20>   |    4.209(R)|      SLOW  |   -1.578(R)|      FAST  |clk_BUFGP         |   0.000|
bus_data_in<21>   |    4.538(R)|      SLOW  |   -1.723(R)|      FAST  |clk_BUFGP         |   0.000|
bus_data_in<22>   |    3.677(R)|      SLOW  |   -1.293(R)|      FAST  |clk_BUFGP         |   0.000|
bus_data_in<23>   |    3.482(R)|      SLOW  |   -1.174(R)|      FAST  |clk_BUFGP         |   0.000|
bus_data_in<24>   |    5.224(R)|      SLOW  |   -2.283(R)|      FAST  |clk_BUFGP         |   0.000|
bus_data_in<25>   |    4.505(R)|      SLOW  |   -1.694(R)|      FAST  |clk_BUFGP         |   0.000|
bus_data_in<26>   |    4.085(R)|      SLOW  |   -1.516(R)|      FAST  |clk_BUFGP         |   0.000|
bus_data_in<27>   |    4.159(R)|      SLOW  |   -1.516(R)|      FAST  |clk_BUFGP         |   0.000|
bus_data_in<28>   |    4.119(R)|      SLOW  |   -1.443(R)|      FAST  |clk_BUFGP         |   0.000|
bus_data_in<29>   |    3.787(R)|      SLOW  |   -1.286(R)|      FAST  |clk_BUFGP         |   0.000|
bus_data_in<30>   |    3.675(R)|      SLOW  |   -1.231(R)|      FAST  |clk_BUFGP         |   0.000|
bus_data_in<31>   |    3.729(R)|      SLOW  |   -1.337(R)|      FAST  |clk_BUFGP         |   0.000|
command<0>        |    9.819(R)|      SLOW  |   -3.427(R)|      FAST  |clk_BUFGP         |   0.000|
command<1>        |    8.511(R)|      SLOW  |   -2.843(R)|      FAST  |clk_BUFGP         |   0.000|
command<2>        |    9.046(R)|      SLOW  |   -3.037(R)|      FAST  |clk_BUFGP         |   0.000|
command<3>        |    9.665(R)|      SLOW  |   -3.333(R)|      FAST  |clk_BUFGP         |   0.000|
command<4>        |    9.348(R)|      SLOW  |   -3.195(R)|      FAST  |clk_BUFGP         |   0.000|
command<5>        |    9.775(R)|      SLOW  |   -3.368(R)|      FAST  |clk_BUFGP         |   0.000|
command<6>        |    9.080(R)|      SLOW  |   -3.114(R)|      FAST  |clk_BUFGP         |   0.000|
command<7>        |    9.156(R)|      SLOW  |   -3.179(R)|      FAST  |clk_BUFGP         |   0.000|
command<8>        |    7.490(R)|      SLOW  |   -2.454(R)|      FAST  |clk_BUFGP         |   0.000|
command<9>        |    7.953(R)|      SLOW  |   -2.616(R)|      FAST  |clk_BUFGP         |   0.000|
command<10>       |    9.201(R)|      SLOW  |   -3.030(R)|      FAST  |clk_BUFGP         |   0.000|
command<11>       |    9.019(R)|      SLOW  |   -2.974(R)|      FAST  |clk_BUFGP         |   0.000|
command<12>       |    7.447(R)|      SLOW  |   -2.343(R)|      FAST  |clk_BUFGP         |   0.000|
command<13>       |    8.797(R)|      SLOW  |   -2.897(R)|      FAST  |clk_BUFGP         |   0.000|
command<14>       |    8.783(R)|      SLOW  |   -2.893(R)|      FAST  |clk_BUFGP         |   0.000|
command<15>       |    8.703(R)|      SLOW  |   -2.782(R)|      FAST  |clk_BUFGP         |   0.000|
command<16>       |    9.400(R)|      SLOW  |   -3.185(R)|      FAST  |clk_BUFGP         |   0.000|
command<17>       |    8.607(R)|      SLOW  |   -2.833(R)|      FAST  |clk_BUFGP         |   0.000|
command<18>       |    8.676(R)|      SLOW  |   -2.856(R)|      FAST  |clk_BUFGP         |   0.000|
command<19>       |    6.864(R)|      SLOW  |   -2.127(R)|      FAST  |clk_BUFGP         |   0.000|
command<20>       |    9.635(R)|      SLOW  |   -3.275(R)|      FAST  |clk_BUFGP         |   0.000|
command<21>       |    9.657(R)|      SLOW  |   -3.249(R)|      FAST  |clk_BUFGP         |   0.000|
command<22>       |    9.092(R)|      SLOW  |   -3.045(R)|      FAST  |clk_BUFGP         |   0.000|
command<23>       |    9.077(R)|      SLOW  |   -3.049(R)|      FAST  |clk_BUFGP         |   0.000|
command<24>       |    8.641(R)|      SLOW  |   -2.801(R)|      FAST  |clk_BUFGP         |   0.000|
command<25>       |    8.905(R)|      SLOW  |   -2.892(R)|      FAST  |clk_BUFGP         |   0.000|
command<26>       |    8.844(R)|      SLOW  |   -2.966(R)|      FAST  |clk_BUFGP         |   0.000|
command<27>       |    9.061(R)|      SLOW  |   -3.019(R)|      FAST  |clk_BUFGP         |   0.000|
command<28>       |    7.697(R)|      SLOW  |   -2.507(R)|      FAST  |clk_BUFGP         |   0.000|
command<29>       |    5.328(R)|      SLOW  |   -1.573(R)|      FAST  |clk_BUFGP         |   0.000|
command<30>       |    4.793(R)|      SLOW  |   -1.502(R)|      FAST  |clk_BUFGP         |   0.000|
command<31>       |    3.989(R)|      SLOW  |   -1.411(R)|      FAST  |clk_BUFGP         |   0.000|
reset             |   11.918(R)|      SLOW  |   -0.997(R)|      FAST  |clk_BUFGP         |   0.000|
------------------+------------+------------+------------+------------+------------------+--------+

Clock clk to Pad
----------------+-----------------+------------+-----------------+------------+------------------+--------+
                |Max (slowest) clk|  Process   |Min (fastest) clk|  Process   |                  | Clock  |
Destination     |  (edge) to PAD  |   Corner   |  (edge) to PAD  |   Corner   |Internal Clock(s) | Phase  |
----------------+-----------------+------------+-----------------+------------+------------------+--------+
bus_data_out<0> |         8.896(R)|      SLOW  |         3.474(R)|      FAST  |clk_BUFGP         |   0.000|
bus_data_out<1> |         8.638(R)|      SLOW  |         3.351(R)|      FAST  |clk_BUFGP         |   0.000|
bus_data_out<2> |         8.412(R)|      SLOW  |         3.253(R)|      FAST  |clk_BUFGP         |   0.000|
bus_data_out<3> |         8.896(R)|      SLOW  |         3.474(R)|      FAST  |clk_BUFGP         |   0.000|
bus_data_out<4> |         8.497(R)|      SLOW  |         3.288(R)|      FAST  |clk_BUFGP         |   0.000|
bus_data_out<5> |         8.899(R)|      SLOW  |         3.467(R)|      FAST  |clk_BUFGP         |   0.000|
bus_data_out<6> |         8.899(R)|      SLOW  |         3.467(R)|      FAST  |clk_BUFGP         |   0.000|
bus_data_out<7> |         8.986(R)|      SLOW  |         3.516(R)|      FAST  |clk_BUFGP         |   0.000|
bus_data_out<8> |         8.996(R)|      SLOW  |         3.520(R)|      FAST  |clk_BUFGP         |   0.000|
bus_data_out<9> |         9.491(R)|      SLOW  |         3.722(R)|      FAST  |clk_BUFGP         |   0.000|
bus_data_out<10>|         9.589(R)|      SLOW  |         3.771(R)|      FAST  |clk_BUFGP         |   0.000|
bus_data_out<11>|         9.347(R)|      SLOW  |         3.671(R)|      FAST  |clk_BUFGP         |   0.000|
bus_data_out<12>|         9.133(R)|      SLOW  |         3.616(R)|      FAST  |clk_BUFGP         |   0.000|
bus_data_out<13>|         9.359(R)|      SLOW  |         3.714(R)|      FAST  |clk_BUFGP         |   0.000|
bus_data_out<14>|         9.465(R)|      SLOW  |         3.754(R)|      FAST  |clk_BUFGP         |   0.000|
bus_data_out<15>|         9.381(R)|      SLOW  |         3.723(R)|      FAST  |clk_BUFGP         |   0.000|
bus_data_out<16>|         9.519(R)|      SLOW  |         3.791(R)|      FAST  |clk_BUFGP         |   0.000|
bus_data_out<17>|         9.948(R)|      SLOW  |         3.977(R)|      FAST  |clk_BUFGP         |   0.000|
bus_data_out<18>|        10.068(R)|      SLOW  |         4.024(R)|      FAST  |clk_BUFGP         |   0.000|
bus_data_out<19>|        10.598(R)|      SLOW  |         4.374(R)|      FAST  |clk_BUFGP         |   0.000|
bus_data_out<20>|         9.856(R)|      SLOW  |         3.983(R)|      FAST  |clk_BUFGP         |   0.000|
bus_data_out<21>|        10.028(R)|      SLOW  |         4.008(R)|      FAST  |clk_BUFGP         |   0.000|
bus_data_out<22>|        10.008(R)|      SLOW  |         4.016(R)|      FAST  |clk_BUFGP         |   0.000|
bus_data_out<23>|         9.612(R)|      SLOW  |         3.849(R)|      FAST  |clk_BUFGP         |   0.000|
bus_data_out<24>|         9.497(R)|      SLOW  |         3.798(R)|      FAST  |clk_BUFGP         |   0.000|
bus_data_out<25>|         9.501(R)|      SLOW  |         3.777(R)|      FAST  |clk_BUFGP         |   0.000|
bus_data_out<26>|         9.785(R)|      SLOW  |         3.918(R)|      FAST  |clk_BUFGP         |   0.000|
bus_data_out<27>|         9.251(R)|      SLOW  |         3.680(R)|      FAST  |clk_BUFGP         |   0.000|
bus_data_out<28>|         8.953(R)|      SLOW  |         3.537(R)|      FAST  |clk_BUFGP         |   0.000|
bus_data_out<29>|         9.480(R)|      SLOW  |         3.771(R)|      FAST  |clk_BUFGP         |   0.000|
bus_data_out<30>|         9.465(R)|      SLOW  |         3.775(R)|      FAST  |clk_BUFGP         |   0.000|
bus_data_out<31>|         9.206(R)|      SLOW  |         3.659(R)|      FAST  |clk_BUFGP         |   0.000|
status<30>      |         9.531(R)|      SLOW  |         3.763(R)|      FAST  |clk_BUFGP         |   0.000|
status<31>      |         9.247(R)|      SLOW  |         3.603(R)|      FAST  |clk_BUFGP         |   0.000|
----------------+-----------------+------------+-----------------+------------+------------------+--------+

Clock to Setup on destination clock clk
---------------+---------+---------+---------+---------+
               | Src:Rise| Src:Fall| Src:Rise| Src:Fall|
Source Clock   |Dest:Rise|Dest:Rise|Dest:Fall|Dest:Fall|
---------------+---------+---------+---------+---------+
clk            |   19.416|    7.589|    5.185|         |
---------------+---------+---------+---------+---------+


Analysis completed Mon Nov 04 17:43:49 2013 
--------------------------------------------------------------------------------

Trace Settings:
-------------------------
Trace Settings 

Peak Memory Usage: 235 MB



