--------------------------------------------------------------------------------
Release 12.4 Trace  (nt64)
Copyright (c) 1995-2010 Xilinx, Inc.  All rights reserved.

C:\Xilinx\12.4\ISE_DS\ISE\bin\nt64\unwrapped\trce.exe -intstyle ise -v 3 -s 2
-n 3 -fastpaths -xml toplevel.twx toplevel.ncd -o toplevel.twr toplevel.pcf
-ucf toplevel.ucf

Design file:              toplevel.ncd
Physical constraint file: toplevel.pcf
Device,package,speed:     xc6slx16,csg324,C,-2 (PRODUCTION 1.15 2010-12-02)
Report level:             verbose report

Environment Variable      Effect 
--------------------      ------ 
NONE                      No environment variables were set
--------------------------------------------------------------------------------

INFO:Timing:2698 - No timing constraints found, doing default enumeration.
INFO:Timing:2752 - To get complete path coverage, use the unconstrained paths 
   option. All paths that are not constrained will be reported in the 
   unconstrained paths section(s) of the report.
INFO:Timing:3339 - The clock-to-out numbers in this timing report are based on 
   a 50 Ohm transmission line loading model.  For the details of this model, 
   and for more information on accounting for different loading conditions, 
   please see the device datasheet.



Data Sheet report:
-----------------
All values displayed in nanoseconds (ns)

Setup/Hold to clock clk
------------------+------------+------------+------------+------------+------------------+--------+
                  |Max Setup to|  Process   |Max Hold to |  Process   |                  | Clock  |
Source            | clk (edge) |   Corner   | clk (edge) |   Corner   |Internal Clock(s) | Phase  |
------------------+------------+------------+------------+------------+------------------+--------+
bus_address_in<24>|    1.664(R)|      SLOW  |   -0.420(R)|      FAST  |clk_BUFGP         |   0.000|
bus_address_in<25>|    1.660(R)|      SLOW  |   -0.413(R)|      FAST  |clk_BUFGP         |   0.000|
bus_address_in<26>|    2.246(R)|      SLOW  |   -0.689(R)|      FAST  |clk_BUFGP         |   0.000|
bus_address_in<27>|    1.788(R)|      SLOW  |   -0.417(R)|      FAST  |clk_BUFGP         |   0.000|
bus_address_in<28>|    2.048(R)|      SLOW  |   -0.456(R)|      FAST  |clk_BUFGP         |   0.000|
bus_address_in<29>|    2.014(R)|      SLOW  |   -0.482(R)|      FAST  |clk_BUFGP         |   0.000|
bus_address_in<30>|    2.466(R)|      SLOW  |   -0.680(R)|      FAST  |clk_BUFGP         |   0.000|
bus_address_in<31>|    2.165(R)|      SLOW  |   -0.593(R)|      FAST  |clk_BUFGP         |   0.000|
bus_data_in<0>    |    4.466(R)|      SLOW  |   -1.790(R)|      FAST  |clk_BUFGP         |   0.000|
bus_data_in<1>    |    4.319(R)|      SLOW  |   -1.652(R)|      FAST  |clk_BUFGP         |   0.000|
bus_data_in<2>    |    4.402(R)|      SLOW  |   -1.705(R)|      FAST  |clk_BUFGP         |   0.000|
bus_data_in<3>    |    4.026(R)|      SLOW  |   -1.490(R)|      FAST  |clk_BUFGP         |   0.000|
bus_data_in<4>    |    5.571(R)|      SLOW  |   -2.538(R)|      FAST  |clk_BUFGP         |   0.000|
bus_data_in<5>    |    5.026(R)|      SLOW  |   -1.947(R)|      FAST  |clk_BUFGP         |   0.000|
bus_data_in<6>    |    4.910(R)|      SLOW  |   -1.926(R)|      FAST  |clk_BUFGP         |   0.000|
bus_data_in<7>    |    4.545(R)|      SLOW  |   -1.715(R)|      FAST  |clk_BUFGP         |   0.000|
bus_data_in<8>    |    4.895(R)|      SLOW  |   -1.938(R)|      FAST  |clk_BUFGP         |   0.000|
bus_data_in<9>    |    4.791(R)|      SLOW  |   -1.837(R)|      FAST  |clk_BUFGP         |   0.000|
bus_data_in<10>   |    4.888(R)|      SLOW  |   -1.880(R)|      FAST  |clk_BUFGP         |   0.000|
bus_data_in<11>   |    4.285(R)|      SLOW  |   -1.594(R)|      FAST  |clk_BUFGP         |   0.000|
bus_data_in<12>   |    4.111(R)|      SLOW  |   -1.541(R)|      FAST  |clk_BUFGP         |   0.000|
bus_data_in<13>   |    4.326(R)|      SLOW  |   -1.613(R)|      FAST  |clk_BUFGP         |   0.000|
bus_data_in<14>   |    4.287(R)|      SLOW  |   -1.603(R)|      FAST  |clk_BUFGP         |   0.000|
bus_data_in<15>   |    4.297(R)|      SLOW  |   -1.602(R)|      FAST  |clk_BUFGP         |   0.000|
bus_data_in<16>   |    4.226(R)|      SLOW  |   -1.556(R)|      FAST  |clk_BUFGP         |   0.000|
bus_data_in<17>   |    4.109(R)|      SLOW  |   -1.454(R)|      FAST  |clk_BUFGP         |   0.000|
bus_data_in<18>   |    4.056(R)|      SLOW  |   -1.435(R)|      FAST  |clk_BUFGP         |   0.000|
bus_data_in<19>   |    3.657(R)|      SLOW  |   -1.227(R)|      FAST  |clk_BUFGP         |   0.000|
bus_data_in<20>   |    4.186(R)|      SLOW  |   -1.585(R)|      FAST  |clk_BUFGP         |   0.000|
bus_data_in<21>   |    3.863(R)|      SLOW  |   -1.398(R)|      FAST  |clk_BUFGP         |   0.000|
bus_data_in<22>   |    4.166(R)|      SLOW  |   -1.588(R)|      FAST  |clk_BUFGP         |   0.000|
bus_data_in<23>   |    3.929(R)|      SLOW  |   -1.434(R)|      FAST  |clk_BUFGP         |   0.000|
bus_data_in<24>   |    5.237(R)|      SLOW  |   -2.193(R)|      FAST  |clk_BUFGP         |   0.000|
bus_data_in<25>   |    4.525(R)|      SLOW  |   -1.762(R)|      FAST  |clk_BUFGP         |   0.000|
bus_data_in<26>   |    4.196(R)|      SLOW  |   -1.556(R)|      FAST  |clk_BUFGP         |   0.000|
bus_data_in<27>   |    3.903(R)|      SLOW  |   -1.395(R)|      FAST  |clk_BUFGP         |   0.000|
bus_data_in<28>   |    3.942(R)|      SLOW  |   -1.377(R)|      FAST  |clk_BUFGP         |   0.000|
bus_data_in<29>   |    4.256(R)|      SLOW  |   -1.529(R)|      FAST  |clk_BUFGP         |   0.000|
bus_data_in<30>   |    4.140(R)|      SLOW  |   -1.534(R)|      FAST  |clk_BUFGP         |   0.000|
bus_data_in<31>   |    4.928(R)|      SLOW  |   -2.115(R)|      FAST  |clk_BUFGP         |   0.000|
command<0>        |    8.784(R)|      SLOW  |   -3.182(R)|      FAST  |clk_BUFGP         |   0.000|
command<1>        |    6.962(R)|      SLOW  |   -2.348(R)|      FAST  |clk_BUFGP         |   0.000|
command<2>        |    9.696(R)|      SLOW  |   -3.619(R)|      FAST  |clk_BUFGP         |   0.000|
command<3>        |    9.519(R)|      SLOW  |   -3.630(R)|      FAST  |clk_BUFGP         |   0.000|
command<4>        |    9.320(R)|      SLOW  |   -3.451(R)|      FAST  |clk_BUFGP         |   0.000|
command<5>        |    9.420(R)|      SLOW  |   -3.578(R)|      FAST  |clk_BUFGP         |   0.000|
command<6>        |    7.601(R)|      SLOW  |   -2.642(R)|      FAST  |clk_BUFGP         |   0.000|
command<7>        |    8.447(R)|      SLOW  |   -3.011(R)|      FAST  |clk_BUFGP         |   0.000|
command<8>        |    6.758(R)|      SLOW  |   -2.324(R)|      FAST  |clk_BUFGP         |   0.000|
command<9>        |    5.829(R)|      SLOW  |   -1.950(R)|      FAST  |clk_BUFGP         |   0.000|
command<10>       |    9.329(R)|      SLOW  |   -3.349(R)|      FAST  |clk_BUFGP         |   0.000|
command<11>       |    9.465(R)|      SLOW  |   -3.463(R)|      FAST  |clk_BUFGP         |   0.000|
command<12>       |    6.638(R)|      SLOW  |   -2.140(R)|      FAST  |clk_BUFGP         |   0.000|
command<13>       |    7.673(R)|      SLOW  |   -2.577(R)|      FAST  |clk_BUFGP         |   0.000|
command<14>       |    7.554(R)|      SLOW  |   -2.473(R)|      FAST  |clk_BUFGP         |   0.000|
command<15>       |    7.492(R)|      SLOW  |   -2.433(R)|      FAST  |clk_BUFGP         |   0.000|
command<16>       |    7.322(R)|      SLOW  |   -2.374(R)|      FAST  |clk_BUFGP         |   0.000|
command<17>       |    8.267(R)|      SLOW  |   -2.848(R)|      FAST  |clk_BUFGP         |   0.000|
command<18>       |    6.735(R)|      SLOW  |   -2.215(R)|      FAST  |clk_BUFGP         |   0.000|
command<19>       |    5.083(R)|      SLOW  |   -1.527(R)|      FAST  |clk_BUFGP         |   0.000|
command<20>       |    8.798(R)|      SLOW  |   -3.310(R)|      FAST  |clk_BUFGP         |   0.000|
command<21>       |    9.069(R)|      SLOW  |   -3.418(R)|      FAST  |clk_BUFGP         |   0.000|
command<22>       |    7.388(R)|      SLOW  |   -2.442(R)|      FAST  |clk_BUFGP         |   0.000|
command<23>       |    6.858(R)|      SLOW  |   -2.234(R)|      FAST  |clk_BUFGP         |   0.000|
command<24>       |    8.108(R)|      SLOW  |   -2.735(R)|      FAST  |clk_BUFGP         |   0.000|
command<25>       |    7.479(R)|      SLOW  |   -2.523(R)|      FAST  |clk_BUFGP         |   0.000|
command<26>       |    7.313(R)|      SLOW  |   -2.450(R)|      FAST  |clk_BUFGP         |   0.000|
command<27>       |    7.565(R)|      SLOW  |   -2.577(R)|      FAST  |clk_BUFGP         |   0.000|
command<28>       |    6.633(R)|      SLOW  |   -2.165(R)|      FAST  |clk_BUFGP         |   0.000|
command<29>       |    3.742(R)|      SLOW  |   -0.806(R)|      FAST  |clk_BUFGP         |   0.000|
command<30>       |    3.941(R)|      SLOW  |   -0.766(R)|      FAST  |clk_BUFGP         |   0.000|
command<31>       |    2.306(R)|      SLOW  |   -0.652(R)|      FAST  |clk_BUFGP         |   0.000|
reset             |   10.478(R)|      SLOW  |   -0.741(R)|      FAST  |clk_BUFGP         |   0.000|
------------------+------------+------------+------------+------------+------------------+--------+

Clock clk to Pad
----------------+-----------------+------------+-----------------+------------+------------------+--------+
                |Max (slowest) clk|  Process   |Min (fastest) clk|  Process   |                  | Clock  |
Destination     |  (edge) to PAD  |   Corner   |  (edge) to PAD  |   Corner   |Internal Clock(s) | Phase  |
----------------+-----------------+------------+-----------------+------------+------------------+--------+
bus_data_out<0> |        11.161(R)|      SLOW  |         4.548(R)|      FAST  |clk_BUFGP         |   0.000|
bus_data_out<1> |        11.037(R)|      SLOW  |         4.434(R)|      FAST  |clk_BUFGP         |   0.000|
bus_data_out<2> |        10.857(R)|      SLOW  |         4.373(R)|      FAST  |clk_BUFGP         |   0.000|
bus_data_out<3> |        10.941(R)|      SLOW  |         4.420(R)|      FAST  |clk_BUFGP         |   0.000|
bus_data_out<4> |        10.892(R)|      SLOW  |         4.430(R)|      FAST  |clk_BUFGP         |   0.000|
bus_data_out<5> |        10.650(R)|      SLOW  |         4.264(R)|      FAST  |clk_BUFGP         |   0.000|
bus_data_out<6> |        10.617(R)|      SLOW  |         4.235(R)|      FAST  |clk_BUFGP         |   0.000|
bus_data_out<7> |        10.424(R)|      SLOW  |         4.166(R)|      FAST  |clk_BUFGP         |   0.000|
bus_data_out<8> |        10.838(R)|      SLOW  |         4.406(R)|      FAST  |clk_BUFGP         |   0.000|
bus_data_out<9> |        10.932(R)|      SLOW  |         4.379(R)|      FAST  |clk_BUFGP         |   0.000|
bus_data_out<10>|        10.860(R)|      SLOW  |         4.350(R)|      FAST  |clk_BUFGP         |   0.000|
bus_data_out<11>|        10.910(R)|      SLOW  |         4.370(R)|      FAST  |clk_BUFGP         |   0.000|
bus_data_out<12>|         9.963(R)|      SLOW  |         4.001(R)|      FAST  |clk_BUFGP         |   0.000|
bus_data_out<13>|         9.834(R)|      SLOW  |         3.890(R)|      FAST  |clk_BUFGP         |   0.000|
bus_data_out<14>|         9.779(R)|      SLOW  |         3.882(R)|      FAST  |clk_BUFGP         |   0.000|
bus_data_out<15>|         9.861(R)|      SLOW  |         3.919(R)|      FAST  |clk_BUFGP         |   0.000|
bus_data_out<16>|         9.743(R)|      SLOW  |         3.866(R)|      FAST  |clk_BUFGP         |   0.000|
bus_data_out<17>|         9.152(R)|      SLOW  |         3.614(R)|      FAST  |clk_BUFGP         |   0.000|
bus_data_out<18>|         9.555(R)|      SLOW  |         3.799(R)|      FAST  |clk_BUFGP         |   0.000|
bus_data_out<19>|         9.159(R)|      SLOW  |         3.634(R)|      FAST  |clk_BUFGP         |   0.000|
bus_data_out<20>|         9.180(R)|      SLOW  |         3.625(R)|      FAST  |clk_BUFGP         |   0.000|
bus_data_out<21>|         9.094(R)|      SLOW  |         3.589(R)|      FAST  |clk_BUFGP         |   0.000|
bus_data_out<22>|         8.915(R)|      SLOW  |         3.500(R)|      FAST  |clk_BUFGP         |   0.000|
bus_data_out<23>|         8.954(R)|      SLOW  |         3.527(R)|      FAST  |clk_BUFGP         |   0.000|
bus_data_out<24>|         8.770(R)|      SLOW  |         3.442(R)|      FAST  |clk_BUFGP         |   0.000|
bus_data_out<25>|         8.799(R)|      SLOW  |         3.428(R)|      FAST  |clk_BUFGP         |   0.000|
bus_data_out<26>|         8.700(R)|      SLOW  |         3.385(R)|      FAST  |clk_BUFGP         |   0.000|
bus_data_out<27>|         9.040(R)|      SLOW  |         3.538(R)|      FAST  |clk_BUFGP         |   0.000|
bus_data_out<28>|         8.916(R)|      SLOW  |         3.484(R)|      FAST  |clk_BUFGP         |   0.000|
bus_data_out<29>|         8.511(R)|      SLOW  |         3.295(R)|      FAST  |clk_BUFGP         |   0.000|
bus_data_out<30>|         8.765(R)|      SLOW  |         3.401(R)|      FAST  |clk_BUFGP         |   0.000|
bus_data_out<31>|         8.664(R)|      SLOW  |         3.356(R)|      FAST  |clk_BUFGP         |   0.000|
status<30>      |        12.541(R)|      SLOW  |         5.129(R)|      FAST  |clk_BUFGP         |   0.000|
status<31>      |        12.268(R)|      SLOW  |         5.036(R)|      FAST  |clk_BUFGP         |   0.000|
----------------+-----------------+------------+-----------------+------------+------------------+--------+

Clock to Setup on destination clock clk
---------------+---------+---------+---------+---------+
               | Src:Rise| Src:Fall| Src:Rise| Src:Fall|
Source Clock   |Dest:Rise|Dest:Rise|Dest:Fall|Dest:Fall|
---------------+---------+---------+---------+---------+
clk            |   17.346|    8.445|    5.623|         |
---------------+---------+---------+---------+---------+


Analysis completed Wed Nov 06 23:19:05 2013 
--------------------------------------------------------------------------------

Trace Settings:
-------------------------
Trace Settings 

Peak Memory Usage: 233 MB



