--------------------------------------------------------------------------------
Release 12.4 Trace  (nt64)
Copyright (c) 1995-2010 Xilinx, Inc.  All rights reserved.

C:\Xilinx\12.4\ISE_DS\ISE\bin\nt64\unwrapped\trce.exe -intstyle ise -v 3 -s 2
-n 3 -fastpaths -xml toplevel.twx toplevel.ncd -o toplevel.twr toplevel.pcf
-ucf toplevel.ucf

Design file:              toplevel.ncd
Physical constraint file: toplevel.pcf
Device,package,speed:     xc6slx16,csg324,C,-2 (PRODUCTION 1.15 2010-12-02)
Report level:             verbose report

Environment Variable      Effect 
--------------------      ------ 
NONE                      No environment variables were set
--------------------------------------------------------------------------------

INFO:Timing:2698 - No timing constraints found, doing default enumeration.
INFO:Timing:2752 - To get complete path coverage, use the unconstrained paths 
   option. All paths that are not constrained will be reported in the 
   unconstrained paths section(s) of the report.
INFO:Timing:3339 - The clock-to-out numbers in this timing report are based on 
   a 50 Ohm transmission line loading model.  For the details of this model, 
   and for more information on accounting for different loading conditions, 
   please see the device datasheet.



Data Sheet report:
-----------------
All values displayed in nanoseconds (ns)

Setup/Hold to clock clk
------------------+------------+------------+------------+------------+------------------+--------+
                  |Max Setup to|  Process   |Max Hold to |  Process   |                  | Clock  |
Source            | clk (edge) |   Corner   | clk (edge) |   Corner   |Internal Clock(s) | Phase  |
------------------+------------+------------+------------+------------+------------------+--------+
bus_address_in<24>|    1.700(R)|      SLOW  |   -0.432(R)|      FAST  |clk_BUFGP         |   0.000|
bus_address_in<25>|    1.537(R)|      SLOW  |   -0.296(R)|      SLOW  |clk_BUFGP         |   0.000|
bus_address_in<26>|    1.819(R)|      SLOW  |   -0.447(R)|      FAST  |clk_BUFGP         |   0.000|
bus_address_in<27>|    1.436(R)|      SLOW  |   -0.214(R)|      SLOW  |clk_BUFGP         |   0.000|
bus_address_in<28>|    2.077(R)|      SLOW  |   -0.511(R)|      FAST  |clk_BUFGP         |   0.000|
bus_address_in<29>|    1.678(R)|      SLOW  |   -0.280(R)|      SLOW  |clk_BUFGP         |   0.000|
bus_address_in<30>|    1.931(R)|      SLOW  |   -0.504(R)|      FAST  |clk_BUFGP         |   0.000|
bus_address_in<31>|    1.904(R)|      SLOW  |   -0.449(R)|      FAST  |clk_BUFGP         |   0.000|
bus_data_in<0>    |    4.881(R)|      SLOW  |   -1.905(R)|      FAST  |clk_BUFGP         |   0.000|
bus_data_in<1>    |    4.878(R)|      SLOW  |   -1.892(R)|      FAST  |clk_BUFGP         |   0.000|
bus_data_in<2>    |    4.419(R)|      SLOW  |   -1.674(R)|      FAST  |clk_BUFGP         |   0.000|
bus_data_in<3>    |    4.405(R)|      SLOW  |   -1.651(R)|      FAST  |clk_BUFGP         |   0.000|
bus_data_in<4>    |    5.394(R)|      SLOW  |   -2.326(R)|      FAST  |clk_BUFGP         |   0.000|
bus_data_in<5>    |    4.862(R)|      SLOW  |   -2.014(R)|      FAST  |clk_BUFGP         |   0.000|
bus_data_in<6>    |    4.783(R)|      SLOW  |   -1.979(R)|      FAST  |clk_BUFGP         |   0.000|
bus_data_in<7>    |    4.771(R)|      SLOW  |   -1.941(R)|      FAST  |clk_BUFGP         |   0.000|
bus_data_in<8>    |    5.413(R)|      SLOW  |   -2.255(R)|      FAST  |clk_BUFGP         |   0.000|
bus_data_in<9>    |    5.560(R)|      SLOW  |   -2.301(R)|      FAST  |clk_BUFGP         |   0.000|
bus_data_in<10>   |    5.338(R)|      SLOW  |   -2.205(R)|      FAST  |clk_BUFGP         |   0.000|
bus_data_in<11>   |    5.276(R)|      SLOW  |   -2.144(R)|      FAST  |clk_BUFGP         |   0.000|
bus_data_in<12>   |    3.999(R)|      SLOW  |   -1.475(R)|      FAST  |clk_BUFGP         |   0.000|
bus_data_in<13>   |    4.035(R)|      SLOW  |   -1.461(R)|      FAST  |clk_BUFGP         |   0.000|
bus_data_in<14>   |    3.733(R)|      SLOW  |   -1.329(R)|      FAST  |clk_BUFGP         |   0.000|
bus_data_in<15>   |    3.742(R)|      SLOW  |   -1.299(R)|      FAST  |clk_BUFGP         |   0.000|
bus_data_in<16>   |    4.160(R)|      SLOW  |   -1.570(R)|      FAST  |clk_BUFGP         |   0.000|
bus_data_in<17>   |    3.869(R)|      SLOW  |   -1.397(R)|      FAST  |clk_BUFGP         |   0.000|
bus_data_in<18>   |    3.757(R)|      SLOW  |   -1.347(R)|      FAST  |clk_BUFGP         |   0.000|
bus_data_in<19>   |    3.780(R)|      SLOW  |   -1.324(R)|      FAST  |clk_BUFGP         |   0.000|
bus_data_in<20>   |    4.256(R)|      SLOW  |   -1.600(R)|      FAST  |clk_BUFGP         |   0.000|
bus_data_in<21>   |    4.253(R)|      SLOW  |   -1.544(R)|      FAST  |clk_BUFGP         |   0.000|
bus_data_in<22>   |    3.605(R)|      SLOW  |   -1.307(R)|      FAST  |clk_BUFGP         |   0.000|
bus_data_in<23>   |    3.610(R)|      SLOW  |   -1.276(R)|      FAST  |clk_BUFGP         |   0.000|
bus_data_in<24>   |    4.310(R)|      SLOW  |   -1.686(R)|      FAST  |clk_BUFGP         |   0.000|
bus_data_in<25>   |    4.681(R)|      SLOW  |   -1.887(R)|      FAST  |clk_BUFGP         |   0.000|
bus_data_in<26>   |    4.165(R)|      SLOW  |   -1.554(R)|      FAST  |clk_BUFGP         |   0.000|
bus_data_in<27>   |    4.073(R)|      SLOW  |   -1.591(R)|      FAST  |clk_BUFGP         |   0.000|
bus_data_in<28>   |    3.789(R)|      SLOW  |   -1.328(R)|      FAST  |clk_BUFGP         |   0.000|
bus_data_in<29>   |    3.996(R)|      SLOW  |   -1.380(R)|      FAST  |clk_BUFGP         |   0.000|
bus_data_in<30>   |    4.097(R)|      SLOW  |   -1.496(R)|      FAST  |clk_BUFGP         |   0.000|
bus_data_in<31>   |    4.148(R)|      SLOW  |   -1.609(R)|      FAST  |clk_BUFGP         |   0.000|
command<0>        |   10.468(R)|      SLOW  |   -3.649(R)|      FAST  |clk_BUFGP         |   0.000|
command<1>        |    9.019(R)|      SLOW  |   -3.100(R)|      FAST  |clk_BUFGP         |   0.000|
command<2>        |   11.064(R)|      SLOW  |   -4.091(R)|      FAST  |clk_BUFGP         |   0.000|
command<3>        |   10.901(R)|      SLOW  |   -4.022(R)|      FAST  |clk_BUFGP         |   0.000|
command<4>        |   10.600(R)|      SLOW  |   -3.891(R)|      FAST  |clk_BUFGP         |   0.000|
command<5>        |   10.882(R)|      SLOW  |   -4.050(R)|      FAST  |clk_BUFGP         |   0.000|
command<6>        |   11.337(R)|      SLOW  |   -4.238(R)|      FAST  |clk_BUFGP         |   0.000|
command<7>        |   10.933(R)|      SLOW  |   -4.072(R)|      FAST  |clk_BUFGP         |   0.000|
command<8>        |    9.131(R)|      SLOW  |   -3.200(R)|      FAST  |clk_BUFGP         |   0.000|
command<9>        |    8.851(R)|      SLOW  |   -3.172(R)|      FAST  |clk_BUFGP         |   0.000|
command<10>       |   11.707(R)|      SLOW  |   -4.217(R)|      FAST  |clk_BUFGP         |   0.000|
command<11>       |   11.023(R)|      SLOW  |   -3.952(R)|      FAST  |clk_BUFGP         |   0.000|
command<12>       |    8.401(R)|      SLOW  |   -2.680(R)|      FAST  |clk_BUFGP         |   0.000|
command<13>       |    9.406(R)|      SLOW  |   -3.160(R)|      FAST  |clk_BUFGP         |   0.000|
command<14>       |    9.033(R)|      SLOW  |   -3.012(R)|      FAST  |clk_BUFGP         |   0.000|
command<15>       |    9.023(R)|      SLOW  |   -3.014(R)|      FAST  |clk_BUFGP         |   0.000|
command<16>       |    9.197(R)|      SLOW  |   -3.041(R)|      FAST  |clk_BUFGP         |   0.000|
command<17>       |    7.908(R)|      SLOW  |   -2.557(R)|      FAST  |clk_BUFGP         |   0.000|
command<18>       |    8.175(R)|      SLOW  |   -2.615(R)|      FAST  |clk_BUFGP         |   0.000|
command<19>       |    7.386(R)|      SLOW  |   -2.331(R)|      FAST  |clk_BUFGP         |   0.000|
command<20>       |   10.721(R)|      SLOW  |   -3.996(R)|      FAST  |clk_BUFGP         |   0.000|
command<21>       |   11.697(R)|      SLOW  |   -4.418(R)|      FAST  |clk_BUFGP         |   0.000|
command<22>       |    8.986(R)|      SLOW  |   -2.967(R)|      FAST  |clk_BUFGP         |   0.000|
command<23>       |    8.703(R)|      SLOW  |   -2.807(R)|      FAST  |clk_BUFGP         |   0.000|
command<24>       |    9.441(R)|      SLOW  |   -3.166(R)|      FAST  |clk_BUFGP         |   0.000|
command<25>       |    9.020(R)|      SLOW  |   -2.997(R)|      FAST  |clk_BUFGP         |   0.000|
command<26>       |    9.574(R)|      SLOW  |   -3.224(R)|      FAST  |clk_BUFGP         |   0.000|
command<27>       |    9.235(R)|      SLOW  |   -3.147(R)|      FAST  |clk_BUFGP         |   0.000|
command<28>       |    8.444(R)|      SLOW  |   -2.740(R)|      FAST  |clk_BUFGP         |   0.000|
command<29>       |    4.345(R)|      SLOW  |   -0.998(R)|      FAST  |clk_BUFGP         |   0.000|
command<30>       |    5.207(R)|      SLOW  |   -1.259(R)|      FAST  |clk_BUFGP         |   0.000|
command<31>       |    4.890(R)|      SLOW  |   -1.211(R)|      FAST  |clk_BUFGP         |   0.000|
reset             |   11.454(R)|      SLOW  |   -0.362(R)|      FAST  |clk_BUFGP         |   0.000|
------------------+------------+------------+------------+------------+------------------+--------+

Clock clk to Pad
----------------+-----------------+------------+-----------------+------------+------------------+--------+
                |Max (slowest) clk|  Process   |Min (fastest) clk|  Process   |                  | Clock  |
Destination     |  (edge) to PAD  |   Corner   |  (edge) to PAD  |   Corner   |Internal Clock(s) | Phase  |
----------------+-----------------+------------+-----------------+------------+------------------+--------+
bus_data_out<0> |        11.257(R)|      SLOW  |         4.520(R)|      FAST  |clk_BUFGP         |   0.000|
bus_data_out<1> |        11.105(R)|      SLOW  |         4.493(R)|      FAST  |clk_BUFGP         |   0.000|
bus_data_out<2> |        10.792(R)|      SLOW  |         4.308(R)|      FAST  |clk_BUFGP         |   0.000|
bus_data_out<3> |        11.124(R)|      SLOW  |         4.481(R)|      FAST  |clk_BUFGP         |   0.000|
bus_data_out<4> |        10.893(R)|      SLOW  |         4.431(R)|      FAST  |clk_BUFGP         |   0.000|
bus_data_out<5> |        10.651(R)|      SLOW  |         4.265(R)|      FAST  |clk_BUFGP         |   0.000|
bus_data_out<6> |        10.618(R)|      SLOW  |         4.236(R)|      FAST  |clk_BUFGP         |   0.000|
bus_data_out<7> |        10.425(R)|      SLOW  |         4.167(R)|      FAST  |clk_BUFGP         |   0.000|
bus_data_out<8> |        10.538(R)|      SLOW  |         4.218(R)|      FAST  |clk_BUFGP         |   0.000|
bus_data_out<9> |        10.602(R)|      SLOW  |         4.246(R)|      FAST  |clk_BUFGP         |   0.000|
bus_data_out<10>|        10.517(R)|      SLOW  |         4.204(R)|      FAST  |clk_BUFGP         |   0.000|
bus_data_out<11>|        10.579(R)|      SLOW  |         4.236(R)|      FAST  |clk_BUFGP         |   0.000|
bus_data_out<12>|        10.089(R)|      SLOW  |         4.081(R)|      FAST  |clk_BUFGP         |   0.000|
bus_data_out<13>|         9.505(R)|      SLOW  |         3.753(R)|      FAST  |clk_BUFGP         |   0.000|
bus_data_out<14>|         9.602(R)|      SLOW  |         3.814(R)|      FAST  |clk_BUFGP         |   0.000|
bus_data_out<15>|         9.504(R)|      SLOW  |         3.772(R)|      FAST  |clk_BUFGP         |   0.000|
bus_data_out<16>|         9.615(R)|      SLOW  |         3.820(R)|      FAST  |clk_BUFGP         |   0.000|
bus_data_out<17>|         9.866(R)|      SLOW  |         3.917(R)|      FAST  |clk_BUFGP         |   0.000|
bus_data_out<18>|         9.854(R)|      SLOW  |         3.924(R)|      FAST  |clk_BUFGP         |   0.000|
bus_data_out<19>|         9.429(R)|      SLOW  |         3.730(R)|      FAST  |clk_BUFGP         |   0.000|
bus_data_out<20>|         9.919(R)|      SLOW  |         3.927(R)|      FAST  |clk_BUFGP         |   0.000|
bus_data_out<21>|         9.636(R)|      SLOW  |         3.789(R)|      FAST  |clk_BUFGP         |   0.000|
bus_data_out<22>|         9.215(R)|      SLOW  |         3.626(R)|      FAST  |clk_BUFGP         |   0.000|
bus_data_out<23>|         9.253(R)|      SLOW  |         3.652(R)|      FAST  |clk_BUFGP         |   0.000|
bus_data_out<24>|         9.027(R)|      SLOW  |         3.551(R)|      FAST  |clk_BUFGP         |   0.000|
bus_data_out<25>|         9.043(R)|      SLOW  |         3.531(R)|      FAST  |clk_BUFGP         |   0.000|
bus_data_out<26>|         8.957(R)|      SLOW  |         3.494(R)|      FAST  |clk_BUFGP         |   0.000|
bus_data_out<27>|         9.020(R)|      SLOW  |         3.521(R)|      FAST  |clk_BUFGP         |   0.000|
bus_data_out<28>|         9.173(R)|      SLOW  |         3.593(R)|      FAST  |clk_BUFGP         |   0.000|
bus_data_out<29>|         8.512(R)|      SLOW  |         3.296(R)|      FAST  |clk_BUFGP         |   0.000|
bus_data_out<30>|         8.487(R)|      SLOW  |         3.278(R)|      FAST  |clk_BUFGP         |   0.000|
bus_data_out<31>|         8.657(R)|      SLOW  |         3.349(R)|      FAST  |clk_BUFGP         |   0.000|
status<30>      |        11.062(R)|      SLOW  |         4.446(R)|      FAST  |clk_BUFGP         |   0.000|
status<31>      |        11.055(R)|      SLOW  |         4.443(R)|      FAST  |clk_BUFGP         |   0.000|
----------------+-----------------+------------+-----------------+------------+------------------+--------+

Clock to Setup on destination clock clk
---------------+---------+---------+---------+---------+
               | Src:Rise| Src:Fall| Src:Rise| Src:Fall|
Source Clock   |Dest:Rise|Dest:Rise|Dest:Fall|Dest:Fall|
---------------+---------+---------+---------+---------+
clk            |   17.410|    8.442|    6.407|         |
---------------+---------+---------+---------+---------+


Analysis completed Mon Nov 04 21:04:21 2013 
--------------------------------------------------------------------------------

Trace Settings:
-------------------------
Trace Settings 

Peak Memory Usage: 235 MB



